synthetic_skin_wound_traction=failed reason="skin traction Matter status failed at step 6 with code 10 object=0 failing_index=4294967295 completed_microsteps=41 fgmres_iterations=9 contact_count=0 diagnostics=0.000003,0.000000,0.000100,0.000003"
real 37.93
user 1.18
sys 0.23
           861388800  maximum resident set size
                   0  average shared memory size
                   0  average unshared data size
                   0  average unshared stack size
               53882  page reclaims
                   5  page faults
                   0  swaps
                   0  block input operations
                   0  block output operations
                   0  messages sent
                   0  messages received
                   0  signals received
                   3  voluntary context switches
                 344  involuntary context switches
         34326036923  instructions retired
          6240711451  cycles elapsed
          1220641992  peak memory footprint
