near_vertex_actual_production_witness_v=1 z=4.9999998413276127e-21 bounded_gap_upper=4.3368086899420185e-18 sweep_status=support seconds=5.8125000000000003e-05
initial_uncertified_incoming_touch=unresolved acceptance=0
simplex v=0 z=0 result=0
simplex v=0 z=1 result=0.99999999999999989
simplex v=0 z=1.4012984643248171e-45 result=1.4012984643248171e-45
simplex v=0 z=9.9999996826552254e-21 result=9.9999996826552254e-21
simplex v=0 z=9.9999999392252903e-09 result=9.9999999392252903e-09
simplex v=0 z=0.25 result=0.25
simplex v=0 z=0.5 result=0.5
simplex v=0 z=0.75 result=0.75
simplex v=0 z=0.99999994039535522 result=0.99999994039535522
simplex v=1 z=0 result=0
simplex v=1 z=1 result=0
simplex v=1 z=1.4012984643248171e-45 result=0
simplex v=1 z=9.9999996826552254e-21 result=0
simplex v=1 z=9.9999999392252903e-09 result=0
simplex v=1 z=0.25 result=0
simplex v=1 z=0.5 result=0
simplex v=1 z=0.75 result=0
simplex v=1 z=0.99999994039535522 result=0
simplex v=1.4012984643248171e-45 z=0 result=0
simplex v=1.4012984643248171e-45 z=1 result=0.99999999999999989
simplex v=1.4012984643248171e-45 z=1.4012984643248171e-45 result=1.4012984643248171e-45
simplex v=1.4012984643248171e-45 z=9.9999996826552254e-21 result=9.9999996826552254e-21
simplex v=1.4012984643248171e-45 z=9.9999999392252903e-09 result=9.9999999392252903e-09
simplex v=1.4012984643248171e-45 z=0.25 result=0.25
simplex v=1.4012984643248171e-45 z=0.5 result=0.5
simplex v=1.4012984643248171e-45 z=0.75 result=0.75
simplex v=1.4012984643248171e-45 z=0.99999994039535522 result=0.99999994039535522
simplex v=9.9999996826552254e-21 z=0 result=0
simplex v=9.9999996826552254e-21 z=1 result=0.99999999999999989
simplex v=9.9999996826552254e-21 z=1.4012984643248171e-45 result=1.4012984643248171e-45
simplex v=9.9999996826552254e-21 z=9.9999996826552254e-21 result=9.9999996826552254e-21
simplex v=9.9999996826552254e-21 z=9.9999999392252903e-09 result=9.9999999392252903e-09
simplex v=9.9999996826552254e-21 z=0.25 result=0.25
simplex v=9.9999996826552254e-21 z=0.5 result=0.5
simplex v=9.9999996826552254e-21 z=0.75 result=0.75
simplex v=9.9999996826552254e-21 z=0.99999994039535522 result=0.99999994039535522
simplex v=9.9999999392252903e-09 z=0 result=0
simplex v=9.9999999392252903e-09 z=1 result=0.99999998999999995
simplex v=9.9999999392252903e-09 z=1.4012984643248171e-45 result=1.4012984643248171e-45
simplex v=9.9999999392252903e-09 z=9.9999996826552254e-21 result=9.9999996826552254e-21
simplex v=9.9999999392252903e-09 z=9.9999999392252903e-09 result=9.9999999392252903e-09
simplex v=9.9999999392252903e-09 z=0.25 result=0.25
simplex v=9.9999999392252903e-09 z=0.5 result=0.5
simplex v=9.9999999392252903e-09 z=0.75 result=0.75
simplex v=9.9999999392252903e-09 z=0.99999994039535522 result=0.99999994039535522
simplex v=0.25 z=0 result=0
simplex v=0.25 z=1 result=0.74999999999999989
simplex v=0.25 z=1.4012984643248171e-45 result=1.4012984643248171e-45
simplex v=0.25 z=9.9999996826552254e-21 result=9.9999996826552254e-21
simplex v=0.25 z=9.9999999392252903e-09 result=9.9999999392252903e-09
simplex v=0.25 z=0.25 result=0.25
simplex v=0.25 z=0.5 result=0.5
simplex v=0.25 z=0.75 result=0.74999999999999989
simplex v=0.25 z=0.99999994039535522 result=0.74999999999999989
simplex v=0.5 z=0 result=0
simplex v=0.5 z=1 result=0.49999999999999994
simplex v=0.5 z=1.4012984643248171e-45 result=1.4012984643248171e-45
simplex v=0.5 z=9.9999996826552254e-21 result=9.9999996826552254e-21
simplex v=0.5 z=9.9999999392252903e-09 result=9.9999999392252903e-09
simplex v=0.5 z=0.25 result=0.25
simplex v=0.5 z=0.5 result=0.49999999999999994
simplex v=0.5 z=0.75 result=0.49999999999999994
simplex v=0.5 z=0.99999994039535522 result=0.49999999999999994
simplex v=0.75 z=0 result=0
simplex v=0.75 z=1 result=0.24999999999999997
simplex v=0.75 z=1.4012984643248171e-45 result=1.4012984643248171e-45
simplex v=0.75 z=9.9999996826552254e-21 result=9.9999996826552254e-21
simplex v=0.75 z=9.9999999392252903e-09 result=9.9999999392252903e-09
simplex v=0.75 z=0.25 result=0.24999999999999997
simplex v=0.75 z=0.5 result=0.24999999999999997
simplex v=0.75 z=0.75 result=0.24999999999999997
simplex v=0.75 z=0.99999994039535522 result=0.24999999999999997
simplex v=0.99999994039535522 z=0 result=0
simplex v=0.99999994039535522 z=1 result=5.9604644775390618e-08
simplex v=0.99999994039535522 z=1.4012984643248171e-45 result=1.4012984643248171e-45
simplex v=0.99999994039535522 z=9.9999996826552254e-21 result=9.9999996826552254e-21
simplex v=0.99999994039535522 z=9.9999999392252903e-09 result=9.9999999392252903e-09
simplex v=0.99999994039535522 z=0.25 result=5.9604644775390618e-08
simplex v=0.99999994039535522 z=0.5 result=5.9604644775390618e-08
simplex v=0.99999994039535522 z=0.75 result=5.9604644775390618e-08
simplex v=0.99999994039535522 z=0.99999994039535522 result=5.9604644775390618e-08
bounded_helper_controls=56 failures=0 exact_binary_rational_simplex_controls_pending=81 no_gpu=1
