case=interior_crossing_endpoints_clear status=bracket lower_t=0.4799957275390625 upper_t=0.48000335693359375 oracle_t=0.47999999934807436 gap_upper_m=8.5436181686271439e-07 outer=28
case=static_yarn_moving_triangle status=bracket lower_t=0.4799957275390625 upper_t=0.48000335693359375 oracle_t=0.47999999934807436 gap_upper_m=8.5436181686791856e-07 outer=28
case=static_yarn_deforming_triangle status=bracket lower_t=0.40850067138671875 upper_t=0.40850830078125 oracle_t=0.40850708816236758 gap_upper_m=1.5076540682982047e-06 outer=27
case=all_five_owners_move_independently status=bracket lower_t=0.3678741455078125 upper_t=0.36787605285644531 oracle_t=0.36787495305403661 gap_upper_m=2.1072079823322018e-07 outer=29
case=reverse_motion status=bracket lower_t=0.4799957275390625 upper_t=0.48000335693359375 oracle_t=0.47999999934807436 gap_upper_m=8.5436181686271439e-07 outer=28
case=triangle_edge_event status=bracket lower_t=0.4653472900390625 upper_t=0.465362548828125 oracle_t=0.46535898271945397 gap_upper_m=1.0126585546456001e-06 outer=26
case=triangle_vertex_event status=bracket lower_t=0.473541259765625 upper_t=0.47354888916015625 oracle_t=0.47354248470691185 gap_upper_m=8.1023310651018323e-08 outer=27
case=adjacent_triangle_event status=bracket lower_t=0.459991455078125 upper_t=0.4600067138671875 oracle_t=0.45999999869614849 gap_upper_m=8.5436181510543951e-07 outer=26
case=supported_tangent status=support lower_t=0 upper_t=0 oracle_t=inf gap_upper_m=1.7399276464047377e-15 outer=1
case=supported_outward status=support lower_t=0 upper_t=0 oracle_t=inf gap_upper_m=1.7399276464047377e-15 outer=1
case=certified_clear status=clear lower_t=1 upper_t=1 oracle_t=inf gap_upper_m=inf outer=2
case=later_grazing_without_penetration status=unresolved lower_t=0.24999999981810106 upper_t=1 oracle_t=inf gap_upper_m=inf outer=90
case=interior_triangle_collapse status=degenerate lower_t=0 upper_t=1 oracle_t=inf gap_upper_m=inf outer=1
case=initial_axis_crossing status=initial_overlap lower_t=0 upper_t=1 oracle_t=inf gap_upper_m=-0.0039999964646988398 outer=1
case=interior_crossing_endpoints_clear_reversed_winding status=bracket lower_t=0.4799957275390625 upper_t=0.48000335693359375 oracle_t=0.47999999934807436 gap_upper_m=8.5436181686271439e-07 outer=28
case=static_yarn_moving_triangle_reversed_winding status=bracket lower_t=0.4799957275390625 upper_t=0.48000335693359375 oracle_t=0.47999999934807436 gap_upper_m=8.5436181686791856e-07 outer=28
case=static_yarn_deforming_triangle_reversed_winding status=bracket lower_t=0.40850067138671875 upper_t=0.40850830078125 oracle_t=0.40850708816236758 gap_upper_m=1.5076540682982047e-06 outer=27
case=all_five_owners_move_independently_reversed_winding status=bracket lower_t=0.3678741455078125 upper_t=0.36787605285644531 oracle_t=0.36787495305403661 gap_upper_m=2.1072094949069894e-07 outer=29
case=reverse_motion_reversed_winding status=bracket lower_t=0.4799957275390625 upper_t=0.48000335693359375 oracle_t=0.47999999934807436 gap_upper_m=8.5436181686271439e-07 outer=28
case=triangle_edge_event_reversed_winding status=bracket lower_t=0.4653472900390625 upper_t=0.465362548828125 oracle_t=0.46535898271945397 gap_upper_m=1.0126586256816591e-06 outer=26
case=triangle_vertex_event_reversed_winding status=bracket lower_t=0.473541259765625 upper_t=0.47354888916015625 oracle_t=0.47354248470691185 gap_upper_m=8.1023310651018323e-08 outer=27
case=adjacent_triangle_event_reversed_winding status=bracket lower_t=0.459991455078125 upper_t=0.4600067138671875 oracle_t=0.45999999869614849 gap_upper_m=8.5436189857773109e-07 outer=26
case=supported_tangent_reversed_winding status=support lower_t=0 upper_t=0 oracle_t=inf gap_upper_m=1.7399276464047377e-15 outer=1
case=supported_outward_reversed_winding status=support lower_t=0 upper_t=0 oracle_t=inf gap_upper_m=1.7399276464047377e-15 outer=1
case=certified_clear_reversed_winding status=clear lower_t=1 upper_t=1 oracle_t=inf gap_upper_m=inf outer=2
case=later_grazing_without_penetration_reversed_winding status=unresolved lower_t=0.24999999981810106 upper_t=1 oracle_t=inf gap_upper_m=inf outer=90
case=interior_triangle_collapse_reversed_winding status=degenerate lower_t=0 upper_t=1 oracle_t=inf gap_upper_m=inf outer=1
case=initial_axis_crossing_reversed_winding status=initial_overlap lower_t=0 upper_t=1 oracle_t=inf gap_upper_m=-0.0039999964646988398 outer=1
endpoint_only_negative_control falsely_clear=1 actual_five_owner_contact=1
passed_contact_clear_support_cases=22 retained_failure_controls=8 maximum_conservative_spatial_earliness_m=1.604193960016713e-06 analytic_temporal_controls=12 maximum_oracle_analytic_time_error=1.6653345369377348e-16 tolerance_m=1.9999999999999999e-06 outer_budget=128 exact_replays=2 no_gpu=1
