cloth_progress replay=1 frame=20/480 released_mask=0 maximum_fruit_yarn_overlap_m=1.8637869025894815e-12 maximum_fruit_pair_overlap_m=9.630435338081611e-11 coupled_blocks=0 block_fallbacks=0
cloth_progress replay=1 frame=40/480 released_mask=0 maximum_fruit_yarn_overlap_m=1.8637869025894815e-12 maximum_fruit_pair_overlap_m=2.3743240706863844e-10 coupled_blocks=0 block_fallbacks=0
cloth_progress replay=1 frame=60/480 released_mask=0 maximum_fruit_yarn_overlap_m=7.987747485671548e-08 maximum_fruit_pair_overlap_m=2.3743240706863844e-10 coupled_blocks=2920 block_fallbacks=0
cloth_progress replay=1 frame=80/480 released_mask=1024 maximum_fruit_yarn_overlap_m=7.987747485671548e-08 maximum_fruit_pair_overlap_m=2.3743240706863844e-10 coupled_blocks=2920 block_fallbacks=0
cloth_progress replay=1 frame=100/480 released_mask=1024 maximum_fruit_yarn_overlap_m=7.987747485671548e-08 maximum_fruit_pair_overlap_m=2.3743240706863844e-10 coupled_blocks=2920 block_fallbacks=0
cloth_progress replay=1 frame=120/480 released_mask=1024 maximum_fruit_yarn_overlap_m=7.987747485671548e-08 maximum_fruit_pair_overlap_m=2.3743240706863844e-10 coupled_blocks=2920 block_fallbacks=0
cloth_progress replay=1 frame=140/480 released_mask=1024 maximum_fruit_yarn_overlap_m=7.987747485671548e-08 maximum_fruit_pair_overlap_m=2.3743240706863844e-10 coupled_blocks=2920 block_fallbacks=0
cloth_progress replay=1 frame=160/480 released_mask=1024 maximum_fruit_yarn_overlap_m=7.987747485671548e-08 maximum_fruit_pair_overlap_m=2.3743240706863844e-10 coupled_blocks=2920 block_fallbacks=0
cloth_progress replay=1 frame=180/480 released_mask=3600 maximum_fruit_yarn_overlap_m=7.987747485671548e-08 maximum_fruit_pair_overlap_m=2.3743240706863844e-10 coupled_blocks=2920 block_fallbacks=0
cloth_progress replay=1 frame=200/480 released_mask=3602 maximum_fruit_yarn_overlap_m=7.987747485671548e-08 maximum_fruit_pair_overlap_m=4.033003930814516e-10 coupled_blocks=2920 block_fallbacks=0
cloth_progress replay=1 frame=220/480 released_mask=3602 maximum_fruit_yarn_overlap_m=7.987747485671548e-08 maximum_fruit_pair_overlap_m=4.033003930814516e-10 coupled_blocks=2920 block_fallbacks=0
cloth_progress replay=1 frame=240/480 released_mask=3602 maximum_fruit_yarn_overlap_m=7.987747485671548e-08 maximum_fruit_pair_overlap_m=4.033003930814516e-10 coupled_blocks=2920 block_fallbacks=0
cloth_progress replay=1 frame=260/480 released_mask=3602 maximum_fruit_yarn_overlap_m=7.987747485671548e-08 maximum_fruit_pair_overlap_m=4.033003930814516e-10 coupled_blocks=2920 block_fallbacks=0
cloth_progress replay=1 frame=280/480 released_mask=3602 maximum_fruit_yarn_overlap_m=7.987747485671548e-08 maximum_fruit_pair_overlap_m=4.033003930814516e-10 coupled_blocks=2920 block_fallbacks=0
cloth_progress replay=1 frame=300/480 released_mask=3602 maximum_fruit_yarn_overlap_m=7.987747485671548e-08 maximum_fruit_pair_overlap_m=4.033003930814516e-10 coupled_blocks=2920 block_fallbacks=0
cloth_progress replay=1 frame=320/480 released_mask=3602 maximum_fruit_yarn_overlap_m=7.987747485671548e-08 maximum_fruit_pair_overlap_m=4.033003930814516e-10 coupled_blocks=2920 block_fallbacks=0
cloth_progress replay=1 frame=340/480 released_mask=3602 maximum_fruit_yarn_overlap_m=7.987747485671548e-08 maximum_fruit_pair_overlap_m=4.033003930814516e-10 coupled_blocks=2920 block_fallbacks=0
cloth_progress replay=1 frame=360/480 released_mask=3602 maximum_fruit_yarn_overlap_m=7.987747485671548e-08 maximum_fruit_pair_overlap_m=4.033003930814516e-10 coupled_blocks=2920 block_fallbacks=0
cloth_progress replay=1 frame=380/480 released_mask=3602 maximum_fruit_yarn_overlap_m=7.987747485671548e-08 maximum_fruit_pair_overlap_m=4.033003930814516e-10 coupled_blocks=2920 block_fallbacks=0
cloth_progress replay=1 frame=400/480 released_mask=3602 maximum_fruit_yarn_overlap_m=7.987747485671548e-08 maximum_fruit_pair_overlap_m=4.033003930814516e-10 coupled_blocks=2920 block_fallbacks=0
cloth_progress replay=1 frame=420/480 released_mask=3602 maximum_fruit_yarn_overlap_m=7.987747485671548e-08 maximum_fruit_pair_overlap_m=4.033003930814516e-10 coupled_blocks=2920 block_fallbacks=0
cloth_progress replay=1 frame=440/480 released_mask=3602 maximum_fruit_yarn_overlap_m=7.987747485671548e-08 maximum_fruit_pair_overlap_m=4.033003930814516e-10 coupled_blocks=2920 block_fallbacks=0
cloth_progress replay=1 frame=460/480 released_mask=3602 maximum_fruit_yarn_overlap_m=7.987747485671548e-08 maximum_fruit_pair_overlap_m=4.033003930814516e-10 coupled_blocks=2920 block_fallbacks=0
cloth_progress replay=1 frame=480/480 released_mask=3602 maximum_fruit_yarn_overlap_m=7.987747485671548e-08 maximum_fruit_pair_overlap_m=4.033003930814516e-10 coupled_blocks=2920 block_fallbacks=0
cloth_progress replay=2 frame=20/480 released_mask=0 maximum_fruit_yarn_overlap_m=1.8637869025894815e-12 maximum_fruit_pair_overlap_m=9.630435338081611e-11 coupled_blocks=0 block_fallbacks=0
cloth_progress replay=2 frame=40/480 released_mask=0 maximum_fruit_yarn_overlap_m=1.8637869025894815e-12 maximum_fruit_pair_overlap_m=2.3743240706863844e-10 coupled_blocks=0 block_fallbacks=0
cloth_progress replay=2 frame=60/480 released_mask=0 maximum_fruit_yarn_overlap_m=7.987747485671548e-08 maximum_fruit_pair_overlap_m=2.3743240706863844e-10 coupled_blocks=2920 block_fallbacks=0
cloth_progress replay=2 frame=80/480 released_mask=1024 maximum_fruit_yarn_overlap_m=7.987747485671548e-08 maximum_fruit_pair_overlap_m=2.3743240706863844e-10 coupled_blocks=2920 block_fallbacks=0
cloth_progress replay=2 frame=100/480 released_mask=1024 maximum_fruit_yarn_overlap_m=7.987747485671548e-08 maximum_fruit_pair_overlap_m=2.3743240706863844e-10 coupled_blocks=2920 block_fallbacks=0
cloth_progress replay=2 frame=120/480 released_mask=1024 maximum_fruit_yarn_overlap_m=7.987747485671548e-08 maximum_fruit_pair_overlap_m=2.3743240706863844e-10 coupled_blocks=2920 block_fallbacks=0
cloth_progress replay=2 frame=140/480 released_mask=1024 maximum_fruit_yarn_overlap_m=7.987747485671548e-08 maximum_fruit_pair_overlap_m=2.3743240706863844e-10 coupled_blocks=2920 block_fallbacks=0
cloth_progress replay=2 frame=160/480 released_mask=1024 maximum_fruit_yarn_overlap_m=7.987747485671548e-08 maximum_fruit_pair_overlap_m=2.3743240706863844e-10 coupled_blocks=2920 block_fallbacks=0
cloth_progress replay=2 frame=180/480 released_mask=3600 maximum_fruit_yarn_overlap_m=7.987747485671548e-08 maximum_fruit_pair_overlap_m=2.3743240706863844e-10 coupled_blocks=2920 block_fallbacks=0
cloth_progress replay=2 frame=200/480 released_mask=3602 maximum_fruit_yarn_overlap_m=7.987747485671548e-08 maximum_fruit_pair_overlap_m=4.033003930814516e-10 coupled_blocks=2920 block_fallbacks=0
cloth_progress replay=2 frame=220/480 released_mask=3602 maximum_fruit_yarn_overlap_m=7.987747485671548e-08 maximum_fruit_pair_overlap_m=4.033003930814516e-10 coupled_blocks=2920 block_fallbacks=0
cloth_progress replay=2 frame=240/480 released_mask=3602 maximum_fruit_yarn_overlap_m=7.987747485671548e-08 maximum_fruit_pair_overlap_m=4.033003930814516e-10 coupled_blocks=2920 block_fallbacks=0
cloth_progress replay=2 frame=260/480 released_mask=3602 maximum_fruit_yarn_overlap_m=7.987747485671548e-08 maximum_fruit_pair_overlap_m=4.033003930814516e-10 coupled_blocks=2920 block_fallbacks=0
cloth_progress replay=2 frame=280/480 released_mask=3602 maximum_fruit_yarn_overlap_m=7.987747485671548e-08 maximum_fruit_pair_overlap_m=4.033003930814516e-10 coupled_blocks=2920 block_fallbacks=0
cloth_progress replay=2 frame=300/480 released_mask=3602 maximum_fruit_yarn_overlap_m=7.987747485671548e-08 maximum_fruit_pair_overlap_m=4.033003930814516e-10 coupled_blocks=2920 block_fallbacks=0
cloth_progress replay=2 frame=320/480 released_mask=3602 maximum_fruit_yarn_overlap_m=7.987747485671548e-08 maximum_fruit_pair_overlap_m=4.033003930814516e-10 coupled_blocks=2920 block_fallbacks=0
cloth_progress replay=2 frame=340/480 released_mask=3602 maximum_fruit_yarn_overlap_m=7.987747485671548e-08 maximum_fruit_pair_overlap_m=4.033003930814516e-10 coupled_blocks=2920 block_fallbacks=0
cloth_progress replay=2 frame=360/480 released_mask=3602 maximum_fruit_yarn_overlap_m=7.987747485671548e-08 maximum_fruit_pair_overlap_m=4.033003930814516e-10 coupled_blocks=2920 block_fallbacks=0
cloth_progress replay=2 frame=380/480 released_mask=3602 maximum_fruit_yarn_overlap_m=7.987747485671548e-08 maximum_fruit_pair_overlap_m=4.033003930814516e-10 coupled_blocks=2920 block_fallbacks=0
cloth_progress replay=2 frame=400/480 released_mask=3602 maximum_fruit_yarn_overlap_m=7.987747485671548e-08 maximum_fruit_pair_overlap_m=4.033003930814516e-10 coupled_blocks=2920 block_fallbacks=0
cloth_progress replay=2 frame=420/480 released_mask=3602 maximum_fruit_yarn_overlap_m=7.987747485671548e-08 maximum_fruit_pair_overlap_m=4.033003930814516e-10 coupled_blocks=2920 block_fallbacks=0
cloth_progress replay=2 frame=440/480 released_mask=3602 maximum_fruit_yarn_overlap_m=7.987747485671548e-08 maximum_fruit_pair_overlap_m=4.033003930814516e-10 coupled_blocks=2920 block_fallbacks=0
cloth_progress replay=2 frame=460/480 released_mask=3602 maximum_fruit_yarn_overlap_m=7.987747485671548e-08 maximum_fruit_pair_overlap_m=4.033003930814516e-10 coupled_blocks=2920 block_fallbacks=0
cloth_progress replay=2 frame=480/480 released_mask=3602 maximum_fruit_yarn_overlap_m=7.987747485671548e-08 maximum_fruit_pair_overlap_m=4.033003930814516e-10 coupled_blocks=2920 block_fallbacks=0
static_contact=finite_bench box_min_m=-.75,-.5,-.08 box_max_m=.75,.5,0 room_floor_height_m=-.75
material_schema=numi.cloth.material.v1 material_artifact_loaded=false parameters_hash=authored-defaults observations_hash=none
model=explicit_yarn_cloth_reference scenario=pickup nodes=1465 render_triangles=2880 stretch_constraints=2904 bend_constraints=2834 yarn_segments=2904 knot_constraints=1369 balls=12 cloth_mass_kg=0.078050000 fruit_mass_kg=2.330000000 steps=480 substeps=96 iterations=32 replays=2 simulated_seconds=4.000000000
captured_frames=49 frame_prefix=build/coupled-bench-pickup-96
max_warp_strain=0.153447390 max_weft_strain=0.060505116 max_knot_angle_error=0.038144422 max_yarn_bend_chord_error=0.785285372 min_triangle_area=0.000001096
max_knot_angle_frame=143 max_knot_angle_constraint=723 max_knot_current_angle_rad=1.409363203 max_knot_rest_angle_rad=1.371218781
local_node_pairs=5754 local_node_contacts=7889517 max_published_local_node_penetration=0.000000061
max_warp_extension=0.125178436 max_warp_compression=0.153447390 max_weft_extension=0.029670635 max_weft_compression=0.060505116 max_warp_extension_edge=799:847
max_bottom_strain=0.019492995 max_bottom_extension=0.006803558 max_bottom_compression=0.019492995
blocked_static_support_impulse_Ns=3.336682574 max_blocked_static_support_impulse_Ns=0.055124730
max_ball_contact_correction=0.001949232 max_published_ball_penetration=0.000000080 max_published_fruit_pair_penetration=0.000000000 max_published_primitive_self_penetration=0.000000932 max_published_strain_limit_violation=0.000000000 max_self_penetration=0.002496923 ball_yarn_contacts=35012787 coupled_ball_yarn_blocks=2920 coupled_ball_yarn_fallbacks=0 max_coupled_ball_yarn_block_size=2 self_contacts=365645 outside_diagnostic_bounds_mask=2050 escaped_mask=0 spilled_mask=0 mouth_candidate_mask=3858 released_mask=3602
max_ball_contact_correction_by_fruit=0.001949232,0.000065354,0.000100261,0.000117632,0.000115268,0.000209169,0.000076824,0.000162557,0.000133458,0.000054066,0.000260221,0.000087433
max_mouth_clearance_by_fruit=0.000000000,5.484807110,0.000000000,0.000000000,3.898246495,0.000000000,0.000000000,0.000000000,0.000000000,4.149390615,2.409442374,6.126750174
max_ground_contact_correction=0.000112294 max_cloth_ground_correction=0.000000000 max_ball_ground_correction=0.000112294 max_published_ground_penetration=0.000000000 max_contact_reconciliation_passes=3 max_primitive_certificate_passes=3 max_swept_ground_advance=0.000362022 max_swept_ball_advance=0.000530556 max_swept_self_advance=0.000569455 final_primitive_self_penetration=0.000000000 max_strain_limit_correction=0.000000000 final_strain_limit_violation=0.000000000 max_speed=14.071887604 max_angular_speed=37.123223987 max_yarn_aerodynamic_force=0.058632389 max_fruit_aerodynamic_force=0.104493106 max_fruit_aerodynamic_torque=0.000084390 aerodynamic_dissipation=10.383719657 max_grip_force=339.470040481 max_grip_impulse=0.029467885 regrab_count=0 max_regrab_capture_distance=0.000000000 max_regrab_capture_error=0.000000000 inactive_grip_substeps=0 patch_selection_count=0 maximum_patch_ring_shift=0 selected_patch_center_ring=0 patch_particles_unique=true patch_topology_exact=true max_friction_cone_ratio=1.000000000 max_rolling_resistance_ratio=1.000000000 tangential_impulse=28.934926452 cloth_friction_contacts=1094231 pair_friction_contacts=362902 ground_friction_contacts=125162 rolling_resistance_contacts=125162 swept_ball_yarn_contacts=396389 edge_edge_self_contacts=190479 swept_edge_edge_self_contacts=58082 edge_edge_candidate_pairs=3606628170 edge_edge_sphere_candidate_pairs=1651285228 cloth_self_friction_contacts=152807 cloth_ground_friction_contacts=28057 deterministic=true state_hash=0x3e1d7a6b7b4b5f35 frame_state_hash=0x7e2bdb6dc4388dda replay_frame_states=481
ball_cloth_solve_seconds=447.711114782 primitive_self_solve_seconds=212.121960872 point_self_solve_seconds=311.235969785 strain_limit_solve_seconds=1.034436463 primitive_certificate_seconds=1.106459462
result=PASS
