{
  "backend":"CPU_FP32_five_dynamic_nodes",
  "result":"FAIL",
  "geometry_cases":12008,
  "geometry_failures":438,
  "geometry_ambiguous_normal_cases":1160,
  "maximum_FP64_distance_error_m":1.6408200994979012e-07,
  "maximum_witness_distance_error_m":3.055394770523634e-08,
  "impulse_cases":2001,
  "impulse_failures":0,
  "energy_rejected_candidates":0,
  "triangle_vertex_motion_events":6003,
  "maximum_FP64_velocity_error_m_s":1.6807781244503762e-06,
  "maximum_FP64_impulse_error_Ns":4.2426071183987446e-08,
  "maximum_actual_mass_linear_momentum_error_Ns":5.2768630906262403e-08,
  "maximum_actual_mass_angular_momentum_error_Nms":8.5881699510188982e-10,
  "maximum_remaining_closing_m_s":7.9824574505948931e-07,
  "maximum_actual_kinetic_gain_J":0,
  "maximum_energy_interval_bound_excess_J":0,
  "negative_controls":3,
  "invalid_controls":6,
  "wrong_omit_triangle_inverse_mass_gain_J":202.62498962085675,
  "wrong_frozen_triangle_momentum_error_Ns":1.0000000000002305,
  "native_GPU_execution":false,
  "full_scene_qualified":false
}
