{
  "backend":"CPU_FP32_five_dynamic_nodes",
  "result":"PASS",
  "geometry_cases":12009,
  "geometry_failures":0,
  "geometry_ambiguous_normal_cases":1160,
  "maximum_FP64_distance_error_m":1.7329608656259694e-07,
  "maximum_witness_distance_error_m":3.055394770523634e-08,
  "impulse_cases":4003,
  "impulse_failures":0,
  "normal_row_status_counts":[0,4003,0,0,0,0],
  "energy_rejected_candidates":0,
  "triangle_vertex_motion_events":12009,
  "all_five_node_motion_events":2001,
  "explicit_parallel_rows":2001,
  "maximum_FP64_velocity_error_m_s":1.89479544410176e-06,
  "maximum_FP64_impulse_error_Ns":4.8622659731822893e-08,
  "maximum_actual_mass_linear_momentum_error_Ns":5.2503212579209989e-08,
  "maximum_actual_mass_angular_momentum_error_Nms":1.094541300684858e-09,
  "maximum_remaining_closing_m_s":8.190182665401835e-07,
  "maximum_actual_kinetic_gain_J":0,
  "maximum_energy_interval_bound_excess_J":0,
  "negative_controls":4,
  "invalid_controls":10,
  "status_controls":3,
  "rejected_FP32_candidate_actual_kinetic_gain_J":2606.6689309674748,
  "rejected_FP32_candidate_energy_upper_J":2606.671142578125,
  "wrong_omit_triangle_inverse_mass_gain_J":202.62498962085675,
  "wrong_frozen_triangle_momentum_error_Ns":1.0000000000002305,
  "energy_rejection_returns_original_velocities":true,
  "owning_node_fixture":{
  "valid":true,
  "status":1,
  "explicit_parallel_interior_row":true,
  "five_nodes_moving":5,
  "yarn_parameter":0.5,
  "triangle_weights":[0.33333331346511841,0.3333333432674408,0.3333333432674408],
  "distance_m":0.0039990018121898174,
  "FP64_global_minimum_distance_m":0.0039990004189539982,
  "impulse_Ns":6.2106868426781148e-05,
  "kinetic_delta_J":-3.1053428757375811e-05,
  "energy_interval_upper_J":-3.1053390557644889e-05,
  "five_final_velocities":[[0.032859064638614655,0.0039764037355780602,0.04651346430182457],[0.032859064638614655,0.0039764037355780602,0.04651346430182457],[0.060578938573598862,-0.17767569422721863,-0.40299046039581299],[0.12351646274328232,0.13206402957439423,0.27551987767219543],[-0.085518434643745422,0.057541623711585999,0.2670101523399353]]
}
,
  "native_GPU_execution":false,
  "full_scene_qualified":false
}
