cloth_progress replay=1 frame=20/720 released_mask=0 maximum_fruit_yarn_overlap_m=9.5201624361607173e-15 maximum_fruit_pair_overlap_m=4.9624193643182934e-12 maximum_dynamic_speed_m_s=3.1409120241090114 speed_peak_frame=9 speed_peak_body=1464 speed_peak_is_fruit=0 coupled_blocks=0 block_fallbacks=0
cloth_progress replay=1 frame=40/720 released_mask=0 maximum_fruit_yarn_overlap_m=1.0181022691568842e-12 maximum_fruit_pair_overlap_m=2.3023702389046719e-10 maximum_dynamic_speed_m_s=8.2385508651386434 speed_peak_frame=31 speed_peak_body=1147 speed_peak_is_fruit=0 coupled_blocks=0 block_fallbacks=0
cloth_progress replay=1 frame=60/720 released_mask=0 maximum_fruit_yarn_overlap_m=1.6771861677256084e-12 maximum_fruit_pair_overlap_m=6.5646496572036028e-10 maximum_dynamic_speed_m_s=8.2385508651386434 speed_peak_frame=31 speed_peak_body=1147 speed_peak_is_fruit=0 coupled_blocks=0 block_fallbacks=0
cloth_progress replay=1 frame=80/720 released_mask=0 maximum_fruit_yarn_overlap_m=1.6771861677256084e-12 maximum_fruit_pair_overlap_m=6.5646496572036028e-10 maximum_dynamic_speed_m_s=8.2385508651386434 speed_peak_frame=31 speed_peak_body=1147 speed_peak_is_fruit=0 coupled_blocks=0 block_fallbacks=0
cloth_progress replay=1 frame=100/720 released_mask=0 maximum_fruit_yarn_overlap_m=1.6771861677256084e-12 maximum_fruit_pair_overlap_m=6.5646496572036028e-10 maximum_dynamic_speed_m_s=8.2385508651386434 speed_peak_frame=31 speed_peak_body=1147 speed_peak_is_fruit=0 coupled_blocks=0 block_fallbacks=0
cloth_progress replay=1 frame=120/720 released_mask=0 maximum_fruit_yarn_overlap_m=1.6771861677256084e-12 maximum_fruit_pair_overlap_m=6.5646496572036028e-10 maximum_dynamic_speed_m_s=8.2385508651386434 speed_peak_frame=31 speed_peak_body=1147 speed_peak_is_fruit=0 coupled_blocks=0 block_fallbacks=0
cloth_progress replay=1 frame=140/720 released_mask=0 maximum_fruit_yarn_overlap_m=1.6771861677256084e-12 maximum_fruit_pair_overlap_m=6.5646496572036028e-10 maximum_dynamic_speed_m_s=8.2385508651386434 speed_peak_frame=31 speed_peak_body=1147 speed_peak_is_fruit=0 coupled_blocks=0 block_fallbacks=0
cloth_progress replay=1 frame=160/720 released_mask=0 maximum_fruit_yarn_overlap_m=1.6771861677256084e-12 maximum_fruit_pair_overlap_m=6.5646496572036028e-10 maximum_dynamic_speed_m_s=8.2385508651386434 speed_peak_frame=31 speed_peak_body=1147 speed_peak_is_fruit=0 coupled_blocks=0 block_fallbacks=0
cloth_progress replay=1 frame=180/720 released_mask=0 maximum_fruit_yarn_overlap_m=1.6771861677256084e-12 maximum_fruit_pair_overlap_m=6.5646496572036028e-10 maximum_dynamic_speed_m_s=8.2385508651386434 speed_peak_frame=31 speed_peak_body=1147 speed_peak_is_fruit=0 coupled_blocks=0 block_fallbacks=0
cloth_progress replay=1 frame=200/720 released_mask=0 maximum_fruit_yarn_overlap_m=1.6771861677256084e-12 maximum_fruit_pair_overlap_m=6.5646496572036028e-10 maximum_dynamic_speed_m_s=8.2385508651386434 speed_peak_frame=31 speed_peak_body=1147 speed_peak_is_fruit=0 coupled_blocks=0 block_fallbacks=0
cloth_progress replay=1 frame=220/720 released_mask=0 maximum_fruit_yarn_overlap_m=1.6771861677256084e-12 maximum_fruit_pair_overlap_m=6.5646496572036028e-10 maximum_dynamic_speed_m_s=8.2385508651386434 speed_peak_frame=31 speed_peak_body=1147 speed_peak_is_fruit=0 coupled_blocks=0 block_fallbacks=0
cloth_progress replay=1 frame=240/720 released_mask=0 maximum_fruit_yarn_overlap_m=1.6771861677256084e-12 maximum_fruit_pair_overlap_m=6.5646496572036028e-10 maximum_dynamic_speed_m_s=8.2385508651386434 speed_peak_frame=31 speed_peak_body=1147 speed_peak_is_fruit=0 coupled_blocks=0 block_fallbacks=0
cloth_progress replay=1 frame=260/720 released_mask=0 maximum_fruit_yarn_overlap_m=1.6771861677256084e-12 maximum_fruit_pair_overlap_m=6.5646496572036028e-10 maximum_dynamic_speed_m_s=8.2385508651386434 speed_peak_frame=31 speed_peak_body=1147 speed_peak_is_fruit=0 coupled_blocks=0 block_fallbacks=0
cloth_progress replay=1 frame=280/720 released_mask=0 maximum_fruit_yarn_overlap_m=1.6771861677256084e-12 maximum_fruit_pair_overlap_m=6.5646496572036028e-10 maximum_dynamic_speed_m_s=8.2385508651386434 speed_peak_frame=31 speed_peak_body=1147 speed_peak_is_fruit=0 coupled_blocks=0 block_fallbacks=0
cloth_progress replay=1 frame=300/720 released_mask=0 maximum_fruit_yarn_overlap_m=1.6771861677256084e-12 maximum_fruit_pair_overlap_m=6.5646496572036028e-10 maximum_dynamic_speed_m_s=8.2385508651386434 speed_peak_frame=31 speed_peak_body=1147 speed_peak_is_fruit=0 coupled_blocks=0 block_fallbacks=0
cloth_progress replay=1 frame=320/720 released_mask=0 maximum_fruit_yarn_overlap_m=1.6771861677256084e-12 maximum_fruit_pair_overlap_m=6.5646496572036028e-10 maximum_dynamic_speed_m_s=8.2385508651386434 speed_peak_frame=31 speed_peak_body=1147 speed_peak_is_fruit=0 coupled_blocks=0 block_fallbacks=0
cloth_progress replay=1 frame=340/720 released_mask=0 maximum_fruit_yarn_overlap_m=1.6771861677256084e-12 maximum_fruit_pair_overlap_m=6.5646496572036028e-10 maximum_dynamic_speed_m_s=8.2385508651386434 speed_peak_frame=31 speed_peak_body=1147 speed_peak_is_fruit=0 coupled_blocks=0 block_fallbacks=0
cloth_progress replay=1 frame=360/720 released_mask=0 maximum_fruit_yarn_overlap_m=1.6771861677256084e-12 maximum_fruit_pair_overlap_m=6.5646496572036028e-10 maximum_dynamic_speed_m_s=8.2385508651386434 speed_peak_frame=31 speed_peak_body=1147 speed_peak_is_fruit=0 coupled_blocks=0 block_fallbacks=0
cloth_progress replay=1 frame=380/720 released_mask=0 maximum_fruit_yarn_overlap_m=1.6771861677256084e-12 maximum_fruit_pair_overlap_m=6.5646496572036028e-10 maximum_dynamic_speed_m_s=8.2385508651386434 speed_peak_frame=31 speed_peak_body=1147 speed_peak_is_fruit=0 coupled_blocks=0 block_fallbacks=0
cloth_progress replay=1 frame=400/720 released_mask=0 maximum_fruit_yarn_overlap_m=1.6771861677256084e-12 maximum_fruit_pair_overlap_m=6.5646496572036028e-10 maximum_dynamic_speed_m_s=8.2385508651386434 speed_peak_frame=31 speed_peak_body=1147 speed_peak_is_fruit=0 coupled_blocks=0 block_fallbacks=0
cloth_progress replay=1 frame=420/720 released_mask=0 maximum_fruit_yarn_overlap_m=1.6771861677256084e-12 maximum_fruit_pair_overlap_m=6.5646496572036028e-10 maximum_dynamic_speed_m_s=8.2385508651386434 speed_peak_frame=31 speed_peak_body=1147 speed_peak_is_fruit=0 coupled_blocks=0 block_fallbacks=0
cloth_progress replay=1 frame=440/720 released_mask=0 maximum_fruit_yarn_overlap_m=1.6771861677256084e-12 maximum_fruit_pair_overlap_m=6.5646496572036028e-10 maximum_dynamic_speed_m_s=8.2385508651386434 speed_peak_frame=31 speed_peak_body=1147 speed_peak_is_fruit=0 coupled_blocks=0 block_fallbacks=0
cloth_progress replay=1 frame=460/720 released_mask=0 maximum_fruit_yarn_overlap_m=1.6771861677256084e-12 maximum_fruit_pair_overlap_m=6.5646496572036028e-10 maximum_dynamic_speed_m_s=8.2385508651386434 speed_peak_frame=31 speed_peak_body=1147 speed_peak_is_fruit=0 coupled_blocks=0 block_fallbacks=0
cloth_progress replay=1 frame=480/720 released_mask=0 maximum_fruit_yarn_overlap_m=1.6771861677256084e-12 maximum_fruit_pair_overlap_m=6.5646496572036028e-10 maximum_dynamic_speed_m_s=8.2385508651386434 speed_peak_frame=31 speed_peak_body=1147 speed_peak_is_fruit=0 coupled_blocks=0 block_fallbacks=0
cloth_progress replay=1 frame=500/720 released_mask=0 maximum_fruit_yarn_overlap_m=1.6771861677256084e-12 maximum_fruit_pair_overlap_m=6.5646496572036028e-10 maximum_dynamic_speed_m_s=8.2385508651386434 speed_peak_frame=31 speed_peak_body=1147 speed_peak_is_fruit=0 coupled_blocks=0 block_fallbacks=0
cloth_progress replay=1 frame=520/720 released_mask=0 maximum_fruit_yarn_overlap_m=1.6771861677256084e-12 maximum_fruit_pair_overlap_m=6.5646496572036028e-10 maximum_dynamic_speed_m_s=8.2385508651386434 speed_peak_frame=31 speed_peak_body=1147 speed_peak_is_fruit=0 coupled_blocks=0 block_fallbacks=0
cloth_progress replay=1 frame=540/720 released_mask=1024 maximum_fruit_yarn_overlap_m=1.6771861677256084e-12 maximum_fruit_pair_overlap_m=6.5646496572036028e-10 maximum_dynamic_speed_m_s=27.111061838350643 speed_peak_frame=528 speed_peak_body=1456 speed_peak_is_fruit=0 coupled_blocks=0 block_fallbacks=0
cloth_progress replay=1 frame=560/720 released_mask=1024 maximum_fruit_yarn_overlap_m=1.6771861677256084e-12 maximum_fruit_pair_overlap_m=6.5646496572036028e-10 maximum_dynamic_speed_m_s=27.111061838350643 speed_peak_frame=528 speed_peak_body=1456 speed_peak_is_fruit=0 coupled_blocks=0 block_fallbacks=0
cloth_progress replay=1 frame=580/720 released_mask=1024 maximum_fruit_yarn_overlap_m=1.6771861677256084e-12 maximum_fruit_pair_overlap_m=6.5646496572036028e-10 maximum_dynamic_speed_m_s=27.111061838350643 speed_peak_frame=528 speed_peak_body=1456 speed_peak_is_fruit=0 coupled_blocks=0 block_fallbacks=0
cloth_progress replay=1 frame=600/720 released_mask=1024 maximum_fruit_yarn_overlap_m=1.6771861677256084e-12 maximum_fruit_pair_overlap_m=6.5646496572036028e-10 maximum_dynamic_speed_m_s=27.111061838350643 speed_peak_frame=528 speed_peak_body=1456 speed_peak_is_fruit=0 coupled_blocks=0 block_fallbacks=0
cloth_progress replay=1 frame=620/720 released_mask=1024 maximum_fruit_yarn_overlap_m=1.6771861677256084e-12 maximum_fruit_pair_overlap_m=6.5646496572036028e-10 maximum_dynamic_speed_m_s=27.111061838350643 speed_peak_frame=528 speed_peak_body=1456 speed_peak_is_fruit=0 coupled_blocks=0 block_fallbacks=0
cloth_progress replay=1 frame=640/720 released_mask=1024 maximum_fruit_yarn_overlap_m=1.6771861677256084e-12 maximum_fruit_pair_overlap_m=6.5646496572036028e-10 maximum_dynamic_speed_m_s=27.111061838350643 speed_peak_frame=528 speed_peak_body=1456 speed_peak_is_fruit=0 coupled_blocks=0 block_fallbacks=0
cloth_progress replay=1 frame=660/720 released_mask=1024 maximum_fruit_yarn_overlap_m=1.6771861677256084e-12 maximum_fruit_pair_overlap_m=6.5646496572036028e-10 maximum_dynamic_speed_m_s=27.111061838350643 speed_peak_frame=528 speed_peak_body=1456 speed_peak_is_fruit=0 coupled_blocks=0 block_fallbacks=0
cloth_progress replay=1 frame=680/720 released_mask=1024 maximum_fruit_yarn_overlap_m=1.6771861677256084e-12 maximum_fruit_pair_overlap_m=6.5646496572036028e-10 maximum_dynamic_speed_m_s=27.111061838350643 speed_peak_frame=528 speed_peak_body=1456 speed_peak_is_fruit=0 coupled_blocks=0 block_fallbacks=0
cloth_progress replay=1 frame=700/720 released_mask=1024 maximum_fruit_yarn_overlap_m=1.6771861677256084e-12 maximum_fruit_pair_overlap_m=6.5646496572036028e-10 maximum_dynamic_speed_m_s=27.111061838350643 speed_peak_frame=528 speed_peak_body=1456 speed_peak_is_fruit=0 coupled_blocks=0 block_fallbacks=0
cloth_progress replay=1 frame=720/720 released_mask=1024 maximum_fruit_yarn_overlap_m=1.6771861677256084e-12 maximum_fruit_pair_overlap_m=6.5646496572036028e-10 maximum_dynamic_speed_m_s=27.111061838350643 speed_peak_frame=528 speed_peak_body=1456 speed_peak_is_fruit=0 coupled_blocks=0 block_fallbacks=0
cloth_progress replay=2 frame=20/720 released_mask=0 maximum_fruit_yarn_overlap_m=9.5201624361607173e-15 maximum_fruit_pair_overlap_m=4.9624193643182934e-12 maximum_dynamic_speed_m_s=3.1409120241090114 speed_peak_frame=9 speed_peak_body=1464 speed_peak_is_fruit=0 coupled_blocks=0 block_fallbacks=0
cloth_progress replay=2 frame=40/720 released_mask=0 maximum_fruit_yarn_overlap_m=1.0181022691568842e-12 maximum_fruit_pair_overlap_m=2.3023702389046719e-10 maximum_dynamic_speed_m_s=8.2385508651386434 speed_peak_frame=31 speed_peak_body=1147 speed_peak_is_fruit=0 coupled_blocks=0 block_fallbacks=0
cloth_progress replay=2 frame=60/720 released_mask=0 maximum_fruit_yarn_overlap_m=1.6771861677256084e-12 maximum_fruit_pair_overlap_m=6.5646496572036028e-10 maximum_dynamic_speed_m_s=8.2385508651386434 speed_peak_frame=31 speed_peak_body=1147 speed_peak_is_fruit=0 coupled_blocks=0 block_fallbacks=0
cloth_progress replay=2 frame=80/720 released_mask=0 maximum_fruit_yarn_overlap_m=1.6771861677256084e-12 maximum_fruit_pair_overlap_m=6.5646496572036028e-10 maximum_dynamic_speed_m_s=8.2385508651386434 speed_peak_frame=31 speed_peak_body=1147 speed_peak_is_fruit=0 coupled_blocks=0 block_fallbacks=0
cloth_progress replay=2 frame=100/720 released_mask=0 maximum_fruit_yarn_overlap_m=1.6771861677256084e-12 maximum_fruit_pair_overlap_m=6.5646496572036028e-10 maximum_dynamic_speed_m_s=8.2385508651386434 speed_peak_frame=31 speed_peak_body=1147 speed_peak_is_fruit=0 coupled_blocks=0 block_fallbacks=0
cloth_progress replay=2 frame=120/720 released_mask=0 maximum_fruit_yarn_overlap_m=1.6771861677256084e-12 maximum_fruit_pair_overlap_m=6.5646496572036028e-10 maximum_dynamic_speed_m_s=8.2385508651386434 speed_peak_frame=31 speed_peak_body=1147 speed_peak_is_fruit=0 coupled_blocks=0 block_fallbacks=0
cloth_progress replay=2 frame=140/720 released_mask=0 maximum_fruit_yarn_overlap_m=1.6771861677256084e-12 maximum_fruit_pair_overlap_m=6.5646496572036028e-10 maximum_dynamic_speed_m_s=8.2385508651386434 speed_peak_frame=31 speed_peak_body=1147 speed_peak_is_fruit=0 coupled_blocks=0 block_fallbacks=0
cloth_progress replay=2 frame=160/720 released_mask=0 maximum_fruit_yarn_overlap_m=1.6771861677256084e-12 maximum_fruit_pair_overlap_m=6.5646496572036028e-10 maximum_dynamic_speed_m_s=8.2385508651386434 speed_peak_frame=31 speed_peak_body=1147 speed_peak_is_fruit=0 coupled_blocks=0 block_fallbacks=0
cloth_progress replay=2 frame=180/720 released_mask=0 maximum_fruit_yarn_overlap_m=1.6771861677256084e-12 maximum_fruit_pair_overlap_m=6.5646496572036028e-10 maximum_dynamic_speed_m_s=8.2385508651386434 speed_peak_frame=31 speed_peak_body=1147 speed_peak_is_fruit=0 coupled_blocks=0 block_fallbacks=0
cloth_progress replay=2 frame=200/720 released_mask=0 maximum_fruit_yarn_overlap_m=1.6771861677256084e-12 maximum_fruit_pair_overlap_m=6.5646496572036028e-10 maximum_dynamic_speed_m_s=8.2385508651386434 speed_peak_frame=31 speed_peak_body=1147 speed_peak_is_fruit=0 coupled_blocks=0 block_fallbacks=0
cloth_progress replay=2 frame=220/720 released_mask=0 maximum_fruit_yarn_overlap_m=1.6771861677256084e-12 maximum_fruit_pair_overlap_m=6.5646496572036028e-10 maximum_dynamic_speed_m_s=8.2385508651386434 speed_peak_frame=31 speed_peak_body=1147 speed_peak_is_fruit=0 coupled_blocks=0 block_fallbacks=0
cloth_progress replay=2 frame=240/720 released_mask=0 maximum_fruit_yarn_overlap_m=1.6771861677256084e-12 maximum_fruit_pair_overlap_m=6.5646496572036028e-10 maximum_dynamic_speed_m_s=8.2385508651386434 speed_peak_frame=31 speed_peak_body=1147 speed_peak_is_fruit=0 coupled_blocks=0 block_fallbacks=0
cloth_progress replay=2 frame=260/720 released_mask=0 maximum_fruit_yarn_overlap_m=1.6771861677256084e-12 maximum_fruit_pair_overlap_m=6.5646496572036028e-10 maximum_dynamic_speed_m_s=8.2385508651386434 speed_peak_frame=31 speed_peak_body=1147 speed_peak_is_fruit=0 coupled_blocks=0 block_fallbacks=0
cloth_progress replay=2 frame=280/720 released_mask=0 maximum_fruit_yarn_overlap_m=1.6771861677256084e-12 maximum_fruit_pair_overlap_m=6.5646496572036028e-10 maximum_dynamic_speed_m_s=8.2385508651386434 speed_peak_frame=31 speed_peak_body=1147 speed_peak_is_fruit=0 coupled_blocks=0 block_fallbacks=0
cloth_progress replay=2 frame=300/720 released_mask=0 maximum_fruit_yarn_overlap_m=1.6771861677256084e-12 maximum_fruit_pair_overlap_m=6.5646496572036028e-10 maximum_dynamic_speed_m_s=8.2385508651386434 speed_peak_frame=31 speed_peak_body=1147 speed_peak_is_fruit=0 coupled_blocks=0 block_fallbacks=0
cloth_progress replay=2 frame=320/720 released_mask=0 maximum_fruit_yarn_overlap_m=1.6771861677256084e-12 maximum_fruit_pair_overlap_m=6.5646496572036028e-10 maximum_dynamic_speed_m_s=8.2385508651386434 speed_peak_frame=31 speed_peak_body=1147 speed_peak_is_fruit=0 coupled_blocks=0 block_fallbacks=0
cloth_progress replay=2 frame=340/720 released_mask=0 maximum_fruit_yarn_overlap_m=1.6771861677256084e-12 maximum_fruit_pair_overlap_m=6.5646496572036028e-10 maximum_dynamic_speed_m_s=8.2385508651386434 speed_peak_frame=31 speed_peak_body=1147 speed_peak_is_fruit=0 coupled_blocks=0 block_fallbacks=0
cloth_progress replay=2 frame=360/720 released_mask=0 maximum_fruit_yarn_overlap_m=1.6771861677256084e-12 maximum_fruit_pair_overlap_m=6.5646496572036028e-10 maximum_dynamic_speed_m_s=8.2385508651386434 speed_peak_frame=31 speed_peak_body=1147 speed_peak_is_fruit=0 coupled_blocks=0 block_fallbacks=0
cloth_progress replay=2 frame=380/720 released_mask=0 maximum_fruit_yarn_overlap_m=1.6771861677256084e-12 maximum_fruit_pair_overlap_m=6.5646496572036028e-10 maximum_dynamic_speed_m_s=8.2385508651386434 speed_peak_frame=31 speed_peak_body=1147 speed_peak_is_fruit=0 coupled_blocks=0 block_fallbacks=0
cloth_progress replay=2 frame=400/720 released_mask=0 maximum_fruit_yarn_overlap_m=1.6771861677256084e-12 maximum_fruit_pair_overlap_m=6.5646496572036028e-10 maximum_dynamic_speed_m_s=8.2385508651386434 speed_peak_frame=31 speed_peak_body=1147 speed_peak_is_fruit=0 coupled_blocks=0 block_fallbacks=0
cloth_progress replay=2 frame=420/720 released_mask=0 maximum_fruit_yarn_overlap_m=1.6771861677256084e-12 maximum_fruit_pair_overlap_m=6.5646496572036028e-10 maximum_dynamic_speed_m_s=8.2385508651386434 speed_peak_frame=31 speed_peak_body=1147 speed_peak_is_fruit=0 coupled_blocks=0 block_fallbacks=0
cloth_progress replay=2 frame=440/720 released_mask=0 maximum_fruit_yarn_overlap_m=1.6771861677256084e-12 maximum_fruit_pair_overlap_m=6.5646496572036028e-10 maximum_dynamic_speed_m_s=8.2385508651386434 speed_peak_frame=31 speed_peak_body=1147 speed_peak_is_fruit=0 coupled_blocks=0 block_fallbacks=0
cloth_progress replay=2 frame=460/720 released_mask=0 maximum_fruit_yarn_overlap_m=1.6771861677256084e-12 maximum_fruit_pair_overlap_m=6.5646496572036028e-10 maximum_dynamic_speed_m_s=8.2385508651386434 speed_peak_frame=31 speed_peak_body=1147 speed_peak_is_fruit=0 coupled_blocks=0 block_fallbacks=0
cloth_progress replay=2 frame=480/720 released_mask=0 maximum_fruit_yarn_overlap_m=1.6771861677256084e-12 maximum_fruit_pair_overlap_m=6.5646496572036028e-10 maximum_dynamic_speed_m_s=8.2385508651386434 speed_peak_frame=31 speed_peak_body=1147 speed_peak_is_fruit=0 coupled_blocks=0 block_fallbacks=0
cloth_progress replay=2 frame=500/720 released_mask=0 maximum_fruit_yarn_overlap_m=1.6771861677256084e-12 maximum_fruit_pair_overlap_m=6.5646496572036028e-10 maximum_dynamic_speed_m_s=8.2385508651386434 speed_peak_frame=31 speed_peak_body=1147 speed_peak_is_fruit=0 coupled_blocks=0 block_fallbacks=0
cloth_progress replay=2 frame=520/720 released_mask=0 maximum_fruit_yarn_overlap_m=1.6771861677256084e-12 maximum_fruit_pair_overlap_m=6.5646496572036028e-10 maximum_dynamic_speed_m_s=8.2385508651386434 speed_peak_frame=31 speed_peak_body=1147 speed_peak_is_fruit=0 coupled_blocks=0 block_fallbacks=0
cloth_progress replay=2 frame=540/720 released_mask=1024 maximum_fruit_yarn_overlap_m=1.6771861677256084e-12 maximum_fruit_pair_overlap_m=6.5646496572036028e-10 maximum_dynamic_speed_m_s=27.111061838350643 speed_peak_frame=528 speed_peak_body=1456 speed_peak_is_fruit=0 coupled_blocks=0 block_fallbacks=0
cloth_progress replay=2 frame=560/720 released_mask=1024 maximum_fruit_yarn_overlap_m=1.6771861677256084e-12 maximum_fruit_pair_overlap_m=6.5646496572036028e-10 maximum_dynamic_speed_m_s=27.111061838350643 speed_peak_frame=528 speed_peak_body=1456 speed_peak_is_fruit=0 coupled_blocks=0 block_fallbacks=0
cloth_progress replay=2 frame=580/720 released_mask=1024 maximum_fruit_yarn_overlap_m=1.6771861677256084e-12 maximum_fruit_pair_overlap_m=6.5646496572036028e-10 maximum_dynamic_speed_m_s=27.111061838350643 speed_peak_frame=528 speed_peak_body=1456 speed_peak_is_fruit=0 coupled_blocks=0 block_fallbacks=0
cloth_progress replay=2 frame=600/720 released_mask=1024 maximum_fruit_yarn_overlap_m=1.6771861677256084e-12 maximum_fruit_pair_overlap_m=6.5646496572036028e-10 maximum_dynamic_speed_m_s=27.111061838350643 speed_peak_frame=528 speed_peak_body=1456 speed_peak_is_fruit=0 coupled_blocks=0 block_fallbacks=0
cloth_progress replay=2 frame=620/720 released_mask=1024 maximum_fruit_yarn_overlap_m=1.6771861677256084e-12 maximum_fruit_pair_overlap_m=6.5646496572036028e-10 maximum_dynamic_speed_m_s=27.111061838350643 speed_peak_frame=528 speed_peak_body=1456 speed_peak_is_fruit=0 coupled_blocks=0 block_fallbacks=0
cloth_progress replay=2 frame=640/720 released_mask=1024 maximum_fruit_yarn_overlap_m=1.6771861677256084e-12 maximum_fruit_pair_overlap_m=6.5646496572036028e-10 maximum_dynamic_speed_m_s=27.111061838350643 speed_peak_frame=528 speed_peak_body=1456 speed_peak_is_fruit=0 coupled_blocks=0 block_fallbacks=0
cloth_progress replay=2 frame=660/720 released_mask=1024 maximum_fruit_yarn_overlap_m=1.6771861677256084e-12 maximum_fruit_pair_overlap_m=6.5646496572036028e-10 maximum_dynamic_speed_m_s=27.111061838350643 speed_peak_frame=528 speed_peak_body=1456 speed_peak_is_fruit=0 coupled_blocks=0 block_fallbacks=0
cloth_progress replay=2 frame=680/720 released_mask=1024 maximum_fruit_yarn_overlap_m=1.6771861677256084e-12 maximum_fruit_pair_overlap_m=6.5646496572036028e-10 maximum_dynamic_speed_m_s=27.111061838350643 speed_peak_frame=528 speed_peak_body=1456 speed_peak_is_fruit=0 coupled_blocks=0 block_fallbacks=0
cloth_progress replay=2 frame=700/720 released_mask=1024 maximum_fruit_yarn_overlap_m=1.6771861677256084e-12 maximum_fruit_pair_overlap_m=6.5646496572036028e-10 maximum_dynamic_speed_m_s=27.111061838350643 speed_peak_frame=528 speed_peak_body=1456 speed_peak_is_fruit=0 coupled_blocks=0 block_fallbacks=0
cloth_progress replay=2 frame=720/720 released_mask=1024 maximum_fruit_yarn_overlap_m=1.6771861677256084e-12 maximum_fruit_pair_overlap_m=6.5646496572036028e-10 maximum_dynamic_speed_m_s=27.111061838350643 speed_peak_frame=528 speed_peak_body=1456 speed_peak_is_fruit=0 coupled_blocks=0 block_fallbacks=0
static_contact=finite_bench box_min_m=-.75,-.5,-.08 box_max_m=.75,.5,0 room_floor_height_m=-.75
material_schema=numi.cloth.material.v1 material_artifact_loaded=false parameters_hash=authored-defaults observations_hash=none
grip_trajectory_schema=numi.grip.trajectory.v3 content_fingerprint=0xb64de40a585b9699 poses=121 duration_seconds=6.000000000 maximum_rotation_radians=3.141592654 attachment_generations=1 selection_mode=nearest_cuff_patch
model=explicit_yarn_cloth_reference scenario=recorded nodes=1465 render_triangles=2880 stretch_constraints=2904 bend_constraints=2834 yarn_segments=2904 knot_constraints=1369 balls=12 cloth_mass_kg=0.078050000 fruit_mass_kg=2.330000000 steps=720 substeps=96 iterations=32 replays=2 simulated_seconds=6.000000000
captured_frames=73 frame_prefix=/Users/home/numi-solver/build/loaded-drop-investigation-corrected-96
max_warp_strain=0.101225197 max_weft_strain=0.022659810 max_knot_angle_error=0.047254203 max_yarn_bend_chord_error=0.780611052 min_triangle_area=0.000000006
max_knot_angle_frame=457 max_knot_angle_constraint=233 max_knot_current_angle_rad=1.533784506 max_knot_rest_angle_rad=1.486530302
local_node_pairs=5754 local_node_contacts=13812193 max_published_local_node_penetration=0.000000718
max_warp_extension=0.101225197 max_warp_compression=0.085251495 max_weft_extension=0.018826000 max_weft_compression=0.022659810 max_warp_extension_edge=133:181
max_bottom_strain=0.022303457 max_bottom_extension=0.022303457 max_bottom_compression=0.019504893
blocked_static_support_impulse_Ns=33.462736405 max_blocked_static_support_impulse_Ns=0.348067635
max_ball_contact_correction=0.000461585 max_published_ball_penetration=0.000000000 max_published_fruit_pair_penetration=0.000000001 max_published_primitive_self_penetration=0.000000695 max_published_strain_limit_violation=0.000000000 max_self_penetration=0.002265897 ball_yarn_contacts=60452881 coupled_ball_yarn_blocks=0 coupled_ball_yarn_fallbacks=0 max_coupled_ball_yarn_block_size=0 self_contacts=594651 outside_diagnostic_bounds_mask=0 escaped_mask=0 spilled_mask=0 mouth_candidate_mask=3840 released_mask=1024
max_ball_contact_correction_by_fruit=0.000216954,0.000305827,0.000461585,0.000415016,0.000424633,0.000243186,0.000254225,0.000317342,0.000068985,0.000153817,0.000107933,0.000069405
max_mouth_clearance_by_fruit=0.000000000,0.000000000,0.000000000,0.000000000,0.000000000,0.000000000,0.000000000,0.000000000,0.000000000,0.000000000,0.314512392,0.000000000
max_ground_contact_correction=0.000000000 max_cloth_ground_correction=0.000000000 max_ball_ground_correction=0.000000000 max_published_ground_penetration=0.000000000 max_contact_reconciliation_passes=2 max_primitive_certificate_passes=7 max_swept_ground_advance=0.001179817 max_swept_ball_advance=0.001049097 max_swept_self_advance=0.001005943 final_primitive_self_penetration=0.000000000 max_strain_limit_correction=0.000000000 final_strain_limit_violation=0.000000000 max_speed=27.111061838 max_speed_frame=528 max_speed_body=1456 max_speed_is_fruit=false max_angular_speed=34.858915034 max_yarn_aerodynamic_force=0.380714502 max_fruit_aerodynamic_force=0.133697797 max_fruit_aerodynamic_torque=0.000110380 aerodynamic_dissipation=11.666463902 max_grip_force=167.706561369 max_grip_impulse=0.014557861 regrab_count=0 max_regrab_capture_distance=0.000000000 max_regrab_capture_error=0.000000000 inactive_grip_substeps=25345 patch_selection_count=0 maximum_patch_ring_shift=0 selected_patch_center_ring=0 patch_particles_unique=true patch_topology_exact=true max_friction_cone_ratio=1.000000000 max_rolling_resistance_ratio=1.000000000 tangential_impulse=33.216579253 cloth_friction_contacts=1939197 pair_friction_contacts=901654 ground_friction_contacts=13839 rolling_resistance_contacts=13839 swept_ball_yarn_contacts=826753 edge_edge_self_contacts=339637 swept_edge_edge_self_contacts=122209 edge_edge_candidate_pairs=5314854075 edge_edge_sphere_candidate_pairs=2430166306 cloth_self_friction_contacts=286806 cloth_ground_friction_contacts=461922 deterministic=true state_hash=0xc3a3172dbca20668 frame_state_hash=0x5817168ee0b19855 replay_frame_states=721
ball_cloth_solve_seconds=961.420123598 primitive_self_solve_seconds=425.683947396 point_self_solve_seconds=651.959813403 strain_limit_solve_seconds=2.143671658 primitive_certificate_seconds=2.167254466
result=FAIL
