cloth_progress replay=1 frame=20/720 released_mask=0 maximum_fruit_yarn_overlap_m=1.1581013925621164e-13 maximum_fruit_pair_overlap_m=1.1224632334716489e-11 maximum_dynamic_speed_m_s=3.084879341723469 speed_peak_frame=8 speed_peak_body=1385 speed_peak_is_fruit=0 coupled_blocks=0 block_fallbacks=0
cloth_progress replay=1 frame=40/720 released_mask=0 maximum_fruit_yarn_overlap_m=1.692396223162973e-13 maximum_fruit_pair_overlap_m=1.5240740891542259e-09 maximum_dynamic_speed_m_s=10.087513063490444 speed_peak_frame=24 speed_peak_body=1057 speed_peak_is_fruit=0 coupled_blocks=0 block_fallbacks=0
cloth_progress replay=1 frame=60/720 released_mask=0 maximum_fruit_yarn_overlap_m=6.5978611463179959e-12 maximum_fruit_pair_overlap_m=2.4732624281931237e-09 maximum_dynamic_speed_m_s=10.087513063490444 speed_peak_frame=24 speed_peak_body=1057 speed_peak_is_fruit=0 coupled_blocks=0 block_fallbacks=0
cloth_progress replay=1 frame=80/720 released_mask=0 maximum_fruit_yarn_overlap_m=6.5978611463179959e-12 maximum_fruit_pair_overlap_m=2.4732624281931237e-09 maximum_dynamic_speed_m_s=10.087513063490444 speed_peak_frame=24 speed_peak_body=1057 speed_peak_is_fruit=0 coupled_blocks=0 block_fallbacks=0
cloth_progress replay=1 frame=100/720 released_mask=0 maximum_fruit_yarn_overlap_m=6.5978611463179959e-12 maximum_fruit_pair_overlap_m=2.4732624281931237e-09 maximum_dynamic_speed_m_s=10.087513063490444 speed_peak_frame=24 speed_peak_body=1057 speed_peak_is_fruit=0 coupled_blocks=0 block_fallbacks=0
cloth_progress replay=1 frame=120/720 released_mask=0 maximum_fruit_yarn_overlap_m=6.5978611463179959e-12 maximum_fruit_pair_overlap_m=2.4732624281931237e-09 maximum_dynamic_speed_m_s=10.087513063490444 speed_peak_frame=24 speed_peak_body=1057 speed_peak_is_fruit=0 coupled_blocks=0 block_fallbacks=0
cloth_progress replay=1 frame=140/720 released_mask=0 maximum_fruit_yarn_overlap_m=6.5978611463179959e-12 maximum_fruit_pair_overlap_m=2.4732624281931237e-09 maximum_dynamic_speed_m_s=10.087513063490444 speed_peak_frame=24 speed_peak_body=1057 speed_peak_is_fruit=0 coupled_blocks=0 block_fallbacks=0
cloth_progress replay=1 frame=160/720 released_mask=0 maximum_fruit_yarn_overlap_m=6.5978611463179959e-12 maximum_fruit_pair_overlap_m=2.4732624281931237e-09 maximum_dynamic_speed_m_s=10.087513063490444 speed_peak_frame=24 speed_peak_body=1057 speed_peak_is_fruit=0 coupled_blocks=0 block_fallbacks=0
cloth_progress replay=1 frame=180/720 released_mask=0 maximum_fruit_yarn_overlap_m=6.5978611463179959e-12 maximum_fruit_pair_overlap_m=2.4732624281931237e-09 maximum_dynamic_speed_m_s=10.087513063490444 speed_peak_frame=24 speed_peak_body=1057 speed_peak_is_fruit=0 coupled_blocks=0 block_fallbacks=0
cloth_progress replay=1 frame=200/720 released_mask=0 maximum_fruit_yarn_overlap_m=6.5978611463179959e-12 maximum_fruit_pair_overlap_m=2.4732624281931237e-09 maximum_dynamic_speed_m_s=10.087513063490444 speed_peak_frame=24 speed_peak_body=1057 speed_peak_is_fruit=0 coupled_blocks=0 block_fallbacks=0
cloth_progress replay=1 frame=220/720 released_mask=0 maximum_fruit_yarn_overlap_m=6.5978611463179959e-12 maximum_fruit_pair_overlap_m=2.4732624281931237e-09 maximum_dynamic_speed_m_s=10.087513063490444 speed_peak_frame=24 speed_peak_body=1057 speed_peak_is_fruit=0 coupled_blocks=0 block_fallbacks=0
cloth_progress replay=1 frame=240/720 released_mask=0 maximum_fruit_yarn_overlap_m=6.5978611463179959e-12 maximum_fruit_pair_overlap_m=2.4732624281931237e-09 maximum_dynamic_speed_m_s=10.087513063490444 speed_peak_frame=24 speed_peak_body=1057 speed_peak_is_fruit=0 coupled_blocks=0 block_fallbacks=0
cloth_progress replay=1 frame=260/720 released_mask=0 maximum_fruit_yarn_overlap_m=6.5978611463179959e-12 maximum_fruit_pair_overlap_m=2.4732624281931237e-09 maximum_dynamic_speed_m_s=10.087513063490444 speed_peak_frame=24 speed_peak_body=1057 speed_peak_is_fruit=0 coupled_blocks=0 block_fallbacks=0
cloth_progress replay=1 frame=280/720 released_mask=0 maximum_fruit_yarn_overlap_m=6.5978611463179959e-12 maximum_fruit_pair_overlap_m=2.4732624281931237e-09 maximum_dynamic_speed_m_s=10.087513063490444 speed_peak_frame=24 speed_peak_body=1057 speed_peak_is_fruit=0 coupled_blocks=0 block_fallbacks=0
cloth_progress replay=1 frame=300/720 released_mask=0 maximum_fruit_yarn_overlap_m=6.5978611463179959e-12 maximum_fruit_pair_overlap_m=2.4732624281931237e-09 maximum_dynamic_speed_m_s=10.087513063490444 speed_peak_frame=24 speed_peak_body=1057 speed_peak_is_fruit=0 coupled_blocks=0 block_fallbacks=0
cloth_progress replay=1 frame=320/720 released_mask=0 maximum_fruit_yarn_overlap_m=6.5978611463179959e-12 maximum_fruit_pair_overlap_m=2.4732624281931237e-09 maximum_dynamic_speed_m_s=10.087513063490444 speed_peak_frame=24 speed_peak_body=1057 speed_peak_is_fruit=0 coupled_blocks=0 block_fallbacks=0
cloth_progress replay=1 frame=340/720 released_mask=0 maximum_fruit_yarn_overlap_m=6.5978611463179959e-12 maximum_fruit_pair_overlap_m=2.4732624281931237e-09 maximum_dynamic_speed_m_s=10.087513063490444 speed_peak_frame=24 speed_peak_body=1057 speed_peak_is_fruit=0 coupled_blocks=0 block_fallbacks=0
cloth_progress replay=1 frame=360/720 released_mask=0 maximum_fruit_yarn_overlap_m=6.5978611463179959e-12 maximum_fruit_pair_overlap_m=2.4732624281931237e-09 maximum_dynamic_speed_m_s=10.087513063490444 speed_peak_frame=24 speed_peak_body=1057 speed_peak_is_fruit=0 coupled_blocks=0 block_fallbacks=0
cloth_progress replay=1 frame=380/720 released_mask=0 maximum_fruit_yarn_overlap_m=6.5978611463179959e-12 maximum_fruit_pair_overlap_m=2.4732624281931237e-09 maximum_dynamic_speed_m_s=10.087513063490444 speed_peak_frame=24 speed_peak_body=1057 speed_peak_is_fruit=0 coupled_blocks=0 block_fallbacks=0
cloth_progress replay=1 frame=400/720 released_mask=0 maximum_fruit_yarn_overlap_m=6.5978611463179959e-12 maximum_fruit_pair_overlap_m=2.4732624281931237e-09 maximum_dynamic_speed_m_s=10.087513063490444 speed_peak_frame=24 speed_peak_body=1057 speed_peak_is_fruit=0 coupled_blocks=0 block_fallbacks=0
cloth_progress replay=1 frame=420/720 released_mask=0 maximum_fruit_yarn_overlap_m=6.5978611463179959e-12 maximum_fruit_pair_overlap_m=2.4732624281931237e-09 maximum_dynamic_speed_m_s=10.087513063490444 speed_peak_frame=24 speed_peak_body=1057 speed_peak_is_fruit=0 coupled_blocks=0 block_fallbacks=0
cloth_progress replay=1 frame=440/720 released_mask=0 maximum_fruit_yarn_overlap_m=6.5978611463179959e-12 maximum_fruit_pair_overlap_m=2.4732624281931237e-09 maximum_dynamic_speed_m_s=10.087513063490444 speed_peak_frame=24 speed_peak_body=1057 speed_peak_is_fruit=0 coupled_blocks=0 block_fallbacks=0
cloth_progress replay=1 frame=460/720 released_mask=0 maximum_fruit_yarn_overlap_m=6.5978611463179959e-12 maximum_fruit_pair_overlap_m=2.4732624281931237e-09 maximum_dynamic_speed_m_s=10.087513063490444 speed_peak_frame=24 speed_peak_body=1057 speed_peak_is_fruit=0 coupled_blocks=0 block_fallbacks=0
cloth_progress replay=1 frame=480/720 released_mask=0 maximum_fruit_yarn_overlap_m=6.5978611463179959e-12 maximum_fruit_pair_overlap_m=2.4732624281931237e-09 maximum_dynamic_speed_m_s=10.087513063490444 speed_peak_frame=24 speed_peak_body=1057 speed_peak_is_fruit=0 coupled_blocks=0 block_fallbacks=0
cloth_progress replay=1 frame=500/720 released_mask=0 maximum_fruit_yarn_overlap_m=6.5978611463179959e-12 maximum_fruit_pair_overlap_m=2.4732624281931237e-09 maximum_dynamic_speed_m_s=10.087513063490444 speed_peak_frame=24 speed_peak_body=1057 speed_peak_is_fruit=0 coupled_blocks=0 block_fallbacks=0
cloth_progress replay=1 frame=520/720 released_mask=0 maximum_fruit_yarn_overlap_m=6.5978611463179959e-12 maximum_fruit_pair_overlap_m=2.4732624281931237e-09 maximum_dynamic_speed_m_s=10.087513063490444 speed_peak_frame=24 speed_peak_body=1057 speed_peak_is_fruit=0 coupled_blocks=0 block_fallbacks=0
cloth_progress replay=1 frame=540/720 released_mask=0 maximum_fruit_yarn_overlap_m=6.5978611463179959e-12 maximum_fruit_pair_overlap_m=2.4732624281931237e-09 maximum_dynamic_speed_m_s=21.983151846818775 speed_peak_frame=526 speed_peak_body=1423 speed_peak_is_fruit=0 coupled_blocks=0 block_fallbacks=0
cloth_progress replay=1 frame=560/720 released_mask=0 maximum_fruit_yarn_overlap_m=6.5978611463179959e-12 maximum_fruit_pair_overlap_m=2.4732624281931237e-09 maximum_dynamic_speed_m_s=21.983151846818775 speed_peak_frame=526 speed_peak_body=1423 speed_peak_is_fruit=0 coupled_blocks=0 block_fallbacks=0
cloth_progress replay=1 frame=580/720 released_mask=0 maximum_fruit_yarn_overlap_m=6.5978611463179959e-12 maximum_fruit_pair_overlap_m=2.4732624281931237e-09 maximum_dynamic_speed_m_s=21.983151846818775 speed_peak_frame=526 speed_peak_body=1423 speed_peak_is_fruit=0 coupled_blocks=0 block_fallbacks=0
cloth_progress replay=1 frame=600/720 released_mask=0 maximum_fruit_yarn_overlap_m=6.5978611463179959e-12 maximum_fruit_pair_overlap_m=2.4732624281931237e-09 maximum_dynamic_speed_m_s=21.983151846818775 speed_peak_frame=526 speed_peak_body=1423 speed_peak_is_fruit=0 coupled_blocks=0 block_fallbacks=0
cloth_progress replay=1 frame=620/720 released_mask=0 maximum_fruit_yarn_overlap_m=6.5978611463179959e-12 maximum_fruit_pair_overlap_m=2.4732624281931237e-09 maximum_dynamic_speed_m_s=21.983151846818775 speed_peak_frame=526 speed_peak_body=1423 speed_peak_is_fruit=0 coupled_blocks=0 block_fallbacks=0
cloth_progress replay=1 frame=640/720 released_mask=0 maximum_fruit_yarn_overlap_m=6.5978611463179959e-12 maximum_fruit_pair_overlap_m=2.4732624281931237e-09 maximum_dynamic_speed_m_s=21.983151846818775 speed_peak_frame=526 speed_peak_body=1423 speed_peak_is_fruit=0 coupled_blocks=0 block_fallbacks=0
cloth_progress replay=1 frame=660/720 released_mask=0 maximum_fruit_yarn_overlap_m=6.5978611463179959e-12 maximum_fruit_pair_overlap_m=2.4732624281931237e-09 maximum_dynamic_speed_m_s=21.983151846818775 speed_peak_frame=526 speed_peak_body=1423 speed_peak_is_fruit=0 coupled_blocks=0 block_fallbacks=0
cloth_progress replay=1 frame=680/720 released_mask=0 maximum_fruit_yarn_overlap_m=6.5978611463179959e-12 maximum_fruit_pair_overlap_m=2.4732624281931237e-09 maximum_dynamic_speed_m_s=21.983151846818775 speed_peak_frame=526 speed_peak_body=1423 speed_peak_is_fruit=0 coupled_blocks=0 block_fallbacks=0
cloth_progress replay=1 frame=700/720 released_mask=0 maximum_fruit_yarn_overlap_m=6.5978611463179959e-12 maximum_fruit_pair_overlap_m=2.4732624281931237e-09 maximum_dynamic_speed_m_s=21.983151846818775 speed_peak_frame=526 speed_peak_body=1423 speed_peak_is_fruit=0 coupled_blocks=0 block_fallbacks=0
cloth_progress replay=1 frame=720/720 released_mask=0 maximum_fruit_yarn_overlap_m=6.5978611463179959e-12 maximum_fruit_pair_overlap_m=2.4732624281931237e-09 maximum_dynamic_speed_m_s=21.983151846818775 speed_peak_frame=526 speed_peak_body=1423 speed_peak_is_fruit=0 coupled_blocks=0 block_fallbacks=0
cloth_progress replay=2 frame=20/720 released_mask=0 maximum_fruit_yarn_overlap_m=1.1581013925621164e-13 maximum_fruit_pair_overlap_m=1.1224632334716489e-11 maximum_dynamic_speed_m_s=3.084879341723469 speed_peak_frame=8 speed_peak_body=1385 speed_peak_is_fruit=0 coupled_blocks=0 block_fallbacks=0
cloth_progress replay=2 frame=40/720 released_mask=0 maximum_fruit_yarn_overlap_m=1.692396223162973e-13 maximum_fruit_pair_overlap_m=1.5240740891542259e-09 maximum_dynamic_speed_m_s=10.087513063490444 speed_peak_frame=24 speed_peak_body=1057 speed_peak_is_fruit=0 coupled_blocks=0 block_fallbacks=0
cloth_progress replay=2 frame=60/720 released_mask=0 maximum_fruit_yarn_overlap_m=6.5978611463179959e-12 maximum_fruit_pair_overlap_m=2.4732624281931237e-09 maximum_dynamic_speed_m_s=10.087513063490444 speed_peak_frame=24 speed_peak_body=1057 speed_peak_is_fruit=0 coupled_blocks=0 block_fallbacks=0
cloth_progress replay=2 frame=80/720 released_mask=0 maximum_fruit_yarn_overlap_m=6.5978611463179959e-12 maximum_fruit_pair_overlap_m=2.4732624281931237e-09 maximum_dynamic_speed_m_s=10.087513063490444 speed_peak_frame=24 speed_peak_body=1057 speed_peak_is_fruit=0 coupled_blocks=0 block_fallbacks=0
cloth_progress replay=2 frame=100/720 released_mask=0 maximum_fruit_yarn_overlap_m=6.5978611463179959e-12 maximum_fruit_pair_overlap_m=2.4732624281931237e-09 maximum_dynamic_speed_m_s=10.087513063490444 speed_peak_frame=24 speed_peak_body=1057 speed_peak_is_fruit=0 coupled_blocks=0 block_fallbacks=0
cloth_progress replay=2 frame=120/720 released_mask=0 maximum_fruit_yarn_overlap_m=6.5978611463179959e-12 maximum_fruit_pair_overlap_m=2.4732624281931237e-09 maximum_dynamic_speed_m_s=10.087513063490444 speed_peak_frame=24 speed_peak_body=1057 speed_peak_is_fruit=0 coupled_blocks=0 block_fallbacks=0
cloth_progress replay=2 frame=140/720 released_mask=0 maximum_fruit_yarn_overlap_m=6.5978611463179959e-12 maximum_fruit_pair_overlap_m=2.4732624281931237e-09 maximum_dynamic_speed_m_s=10.087513063490444 speed_peak_frame=24 speed_peak_body=1057 speed_peak_is_fruit=0 coupled_blocks=0 block_fallbacks=0
cloth_progress replay=2 frame=160/720 released_mask=0 maximum_fruit_yarn_overlap_m=6.5978611463179959e-12 maximum_fruit_pair_overlap_m=2.4732624281931237e-09 maximum_dynamic_speed_m_s=10.087513063490444 speed_peak_frame=24 speed_peak_body=1057 speed_peak_is_fruit=0 coupled_blocks=0 block_fallbacks=0
cloth_progress replay=2 frame=180/720 released_mask=0 maximum_fruit_yarn_overlap_m=6.5978611463179959e-12 maximum_fruit_pair_overlap_m=2.4732624281931237e-09 maximum_dynamic_speed_m_s=10.087513063490444 speed_peak_frame=24 speed_peak_body=1057 speed_peak_is_fruit=0 coupled_blocks=0 block_fallbacks=0
cloth_progress replay=2 frame=200/720 released_mask=0 maximum_fruit_yarn_overlap_m=6.5978611463179959e-12 maximum_fruit_pair_overlap_m=2.4732624281931237e-09 maximum_dynamic_speed_m_s=10.087513063490444 speed_peak_frame=24 speed_peak_body=1057 speed_peak_is_fruit=0 coupled_blocks=0 block_fallbacks=0
cloth_progress replay=2 frame=220/720 released_mask=0 maximum_fruit_yarn_overlap_m=6.5978611463179959e-12 maximum_fruit_pair_overlap_m=2.4732624281931237e-09 maximum_dynamic_speed_m_s=10.087513063490444 speed_peak_frame=24 speed_peak_body=1057 speed_peak_is_fruit=0 coupled_blocks=0 block_fallbacks=0
cloth_progress replay=2 frame=240/720 released_mask=0 maximum_fruit_yarn_overlap_m=6.5978611463179959e-12 maximum_fruit_pair_overlap_m=2.4732624281931237e-09 maximum_dynamic_speed_m_s=10.087513063490444 speed_peak_frame=24 speed_peak_body=1057 speed_peak_is_fruit=0 coupled_blocks=0 block_fallbacks=0
cloth_progress replay=2 frame=260/720 released_mask=0 maximum_fruit_yarn_overlap_m=6.5978611463179959e-12 maximum_fruit_pair_overlap_m=2.4732624281931237e-09 maximum_dynamic_speed_m_s=10.087513063490444 speed_peak_frame=24 speed_peak_body=1057 speed_peak_is_fruit=0 coupled_blocks=0 block_fallbacks=0
cloth_progress replay=2 frame=280/720 released_mask=0 maximum_fruit_yarn_overlap_m=6.5978611463179959e-12 maximum_fruit_pair_overlap_m=2.4732624281931237e-09 maximum_dynamic_speed_m_s=10.087513063490444 speed_peak_frame=24 speed_peak_body=1057 speed_peak_is_fruit=0 coupled_blocks=0 block_fallbacks=0
cloth_progress replay=2 frame=300/720 released_mask=0 maximum_fruit_yarn_overlap_m=6.5978611463179959e-12 maximum_fruit_pair_overlap_m=2.4732624281931237e-09 maximum_dynamic_speed_m_s=10.087513063490444 speed_peak_frame=24 speed_peak_body=1057 speed_peak_is_fruit=0 coupled_blocks=0 block_fallbacks=0
cloth_progress replay=2 frame=320/720 released_mask=0 maximum_fruit_yarn_overlap_m=6.5978611463179959e-12 maximum_fruit_pair_overlap_m=2.4732624281931237e-09 maximum_dynamic_speed_m_s=10.087513063490444 speed_peak_frame=24 speed_peak_body=1057 speed_peak_is_fruit=0 coupled_blocks=0 block_fallbacks=0
cloth_progress replay=2 frame=340/720 released_mask=0 maximum_fruit_yarn_overlap_m=6.5978611463179959e-12 maximum_fruit_pair_overlap_m=2.4732624281931237e-09 maximum_dynamic_speed_m_s=10.087513063490444 speed_peak_frame=24 speed_peak_body=1057 speed_peak_is_fruit=0 coupled_blocks=0 block_fallbacks=0
cloth_progress replay=2 frame=360/720 released_mask=0 maximum_fruit_yarn_overlap_m=6.5978611463179959e-12 maximum_fruit_pair_overlap_m=2.4732624281931237e-09 maximum_dynamic_speed_m_s=10.087513063490444 speed_peak_frame=24 speed_peak_body=1057 speed_peak_is_fruit=0 coupled_blocks=0 block_fallbacks=0
cloth_progress replay=2 frame=380/720 released_mask=0 maximum_fruit_yarn_overlap_m=6.5978611463179959e-12 maximum_fruit_pair_overlap_m=2.4732624281931237e-09 maximum_dynamic_speed_m_s=10.087513063490444 speed_peak_frame=24 speed_peak_body=1057 speed_peak_is_fruit=0 coupled_blocks=0 block_fallbacks=0
cloth_progress replay=2 frame=400/720 released_mask=0 maximum_fruit_yarn_overlap_m=6.5978611463179959e-12 maximum_fruit_pair_overlap_m=2.4732624281931237e-09 maximum_dynamic_speed_m_s=10.087513063490444 speed_peak_frame=24 speed_peak_body=1057 speed_peak_is_fruit=0 coupled_blocks=0 block_fallbacks=0
cloth_progress replay=2 frame=420/720 released_mask=0 maximum_fruit_yarn_overlap_m=6.5978611463179959e-12 maximum_fruit_pair_overlap_m=2.4732624281931237e-09 maximum_dynamic_speed_m_s=10.087513063490444 speed_peak_frame=24 speed_peak_body=1057 speed_peak_is_fruit=0 coupled_blocks=0 block_fallbacks=0
cloth_progress replay=2 frame=440/720 released_mask=0 maximum_fruit_yarn_overlap_m=6.5978611463179959e-12 maximum_fruit_pair_overlap_m=2.4732624281931237e-09 maximum_dynamic_speed_m_s=10.087513063490444 speed_peak_frame=24 speed_peak_body=1057 speed_peak_is_fruit=0 coupled_blocks=0 block_fallbacks=0
cloth_progress replay=2 frame=460/720 released_mask=0 maximum_fruit_yarn_overlap_m=6.5978611463179959e-12 maximum_fruit_pair_overlap_m=2.4732624281931237e-09 maximum_dynamic_speed_m_s=10.087513063490444 speed_peak_frame=24 speed_peak_body=1057 speed_peak_is_fruit=0 coupled_blocks=0 block_fallbacks=0
cloth_progress replay=2 frame=480/720 released_mask=0 maximum_fruit_yarn_overlap_m=6.5978611463179959e-12 maximum_fruit_pair_overlap_m=2.4732624281931237e-09 maximum_dynamic_speed_m_s=10.087513063490444 speed_peak_frame=24 speed_peak_body=1057 speed_peak_is_fruit=0 coupled_blocks=0 block_fallbacks=0
cloth_progress replay=2 frame=500/720 released_mask=0 maximum_fruit_yarn_overlap_m=6.5978611463179959e-12 maximum_fruit_pair_overlap_m=2.4732624281931237e-09 maximum_dynamic_speed_m_s=10.087513063490444 speed_peak_frame=24 speed_peak_body=1057 speed_peak_is_fruit=0 coupled_blocks=0 block_fallbacks=0
cloth_progress replay=2 frame=520/720 released_mask=0 maximum_fruit_yarn_overlap_m=6.5978611463179959e-12 maximum_fruit_pair_overlap_m=2.4732624281931237e-09 maximum_dynamic_speed_m_s=10.087513063490444 speed_peak_frame=24 speed_peak_body=1057 speed_peak_is_fruit=0 coupled_blocks=0 block_fallbacks=0
cloth_progress replay=2 frame=540/720 released_mask=0 maximum_fruit_yarn_overlap_m=6.5978611463179959e-12 maximum_fruit_pair_overlap_m=2.4732624281931237e-09 maximum_dynamic_speed_m_s=21.983151846818775 speed_peak_frame=526 speed_peak_body=1423 speed_peak_is_fruit=0 coupled_blocks=0 block_fallbacks=0
cloth_progress replay=2 frame=560/720 released_mask=0 maximum_fruit_yarn_overlap_m=6.5978611463179959e-12 maximum_fruit_pair_overlap_m=2.4732624281931237e-09 maximum_dynamic_speed_m_s=21.983151846818775 speed_peak_frame=526 speed_peak_body=1423 speed_peak_is_fruit=0 coupled_blocks=0 block_fallbacks=0
cloth_progress replay=2 frame=580/720 released_mask=0 maximum_fruit_yarn_overlap_m=6.5978611463179959e-12 maximum_fruit_pair_overlap_m=2.4732624281931237e-09 maximum_dynamic_speed_m_s=21.983151846818775 speed_peak_frame=526 speed_peak_body=1423 speed_peak_is_fruit=0 coupled_blocks=0 block_fallbacks=0
cloth_progress replay=2 frame=600/720 released_mask=0 maximum_fruit_yarn_overlap_m=6.5978611463179959e-12 maximum_fruit_pair_overlap_m=2.4732624281931237e-09 maximum_dynamic_speed_m_s=21.983151846818775 speed_peak_frame=526 speed_peak_body=1423 speed_peak_is_fruit=0 coupled_blocks=0 block_fallbacks=0
cloth_progress replay=2 frame=620/720 released_mask=0 maximum_fruit_yarn_overlap_m=6.5978611463179959e-12 maximum_fruit_pair_overlap_m=2.4732624281931237e-09 maximum_dynamic_speed_m_s=21.983151846818775 speed_peak_frame=526 speed_peak_body=1423 speed_peak_is_fruit=0 coupled_blocks=0 block_fallbacks=0
cloth_progress replay=2 frame=640/720 released_mask=0 maximum_fruit_yarn_overlap_m=6.5978611463179959e-12 maximum_fruit_pair_overlap_m=2.4732624281931237e-09 maximum_dynamic_speed_m_s=21.983151846818775 speed_peak_frame=526 speed_peak_body=1423 speed_peak_is_fruit=0 coupled_blocks=0 block_fallbacks=0
cloth_progress replay=2 frame=660/720 released_mask=0 maximum_fruit_yarn_overlap_m=6.5978611463179959e-12 maximum_fruit_pair_overlap_m=2.4732624281931237e-09 maximum_dynamic_speed_m_s=21.983151846818775 speed_peak_frame=526 speed_peak_body=1423 speed_peak_is_fruit=0 coupled_blocks=0 block_fallbacks=0
cloth_progress replay=2 frame=680/720 released_mask=0 maximum_fruit_yarn_overlap_m=6.5978611463179959e-12 maximum_fruit_pair_overlap_m=2.4732624281931237e-09 maximum_dynamic_speed_m_s=21.983151846818775 speed_peak_frame=526 speed_peak_body=1423 speed_peak_is_fruit=0 coupled_blocks=0 block_fallbacks=0
cloth_progress replay=2 frame=700/720 released_mask=0 maximum_fruit_yarn_overlap_m=6.5978611463179959e-12 maximum_fruit_pair_overlap_m=2.4732624281931237e-09 maximum_dynamic_speed_m_s=21.983151846818775 speed_peak_frame=526 speed_peak_body=1423 speed_peak_is_fruit=0 coupled_blocks=0 block_fallbacks=0
cloth_progress replay=2 frame=720/720 released_mask=0 maximum_fruit_yarn_overlap_m=6.5978611463179959e-12 maximum_fruit_pair_overlap_m=2.4732624281931237e-09 maximum_dynamic_speed_m_s=21.983151846818775 speed_peak_frame=526 speed_peak_body=1423 speed_peak_is_fruit=0 coupled_blocks=0 block_fallbacks=0
static_contact=finite_bench box_min_m=-.75,-.5,-.08 box_max_m=.75,.5,0 room_floor_height_m=-.75
material_schema=numi.cloth.material.v1 material_artifact_loaded=false parameters_hash=authored-defaults observations_hash=none
grip_trajectory_schema=numi.grip.trajectory.v3 content_fingerprint=0xb64de40a585b9699 poses=121 duration_seconds=6.000000000 maximum_rotation_radians=3.141592654 attachment_generations=1 selection_mode=nearest_cuff_patch
model=explicit_yarn_cloth_reference scenario=recorded nodes=1465 render_triangles=2880 stretch_constraints=2904 bend_constraints=2834 yarn_segments=2904 knot_constraints=1369 balls=12 cloth_mass_kg=0.078050000 fruit_mass_kg=2.330000000 steps=720 substeps=48 iterations=32 replays=2 simulated_seconds=6.000000000
captured_frames=73 frame_prefix=/Users/home/numi-solver/build/loaded-drop-investigation-corrected-48
max_warp_strain=0.449702879 max_weft_strain=0.079617489 max_knot_angle_error=0.310089062 max_yarn_bend_chord_error=0.780611051 min_triangle_area=0.000001352
max_knot_angle_frame=528 max_knot_angle_constraint=26 max_knot_current_angle_rad=1.140297733 max_knot_rest_angle_rad=1.450386795
local_node_pairs=5754 local_node_contacts=6501715 max_published_local_node_penetration=0.000000926
max_warp_extension=0.285000000 max_warp_compression=0.449702879 max_weft_extension=0.073398444 max_weft_compression=0.079617489 max_warp_extension_edge=122:170
max_bottom_strain=0.091595863 max_bottom_extension=0.027227541 max_bottom_compression=0.091595863
blocked_static_support_impulse_Ns=33.673815252 max_blocked_static_support_impulse_Ns=0.284538014
max_ball_contact_correction=0.001617225 max_published_ball_penetration=0.000000000 max_published_fruit_pair_penetration=0.000000002 max_published_primitive_self_penetration=0.000000998 max_published_strain_limit_violation=0.000000000 max_self_penetration=0.007794596 ball_yarn_contacts=41571925 coupled_ball_yarn_blocks=0 coupled_ball_yarn_fallbacks=0 max_coupled_ball_yarn_block_size=0 self_contacts=416934 outside_diagnostic_bounds_mask=0 escaped_mask=0 spilled_mask=0 mouth_candidate_mask=3840 released_mask=0
max_ball_contact_correction_by_fruit=0.000420747,0.000292616,0.000626442,0.001293020,0.001617225,0.000619723,0.000662401,0.000892992,0.000428441,0.000340891,0.000544500,0.000245405
max_mouth_clearance_by_fruit=0.000000000,0.000000000,0.000000000,0.000000000,0.000000000,0.000000000,0.000000000,0.000000000,0.000000000,0.000000000,0.000000000,0.000000000
max_ground_contact_correction=0.000000000 max_cloth_ground_correction=0.000000000 max_ball_ground_correction=0.000000000 max_published_ground_penetration=0.000000000 max_contact_reconciliation_passes=3 max_primitive_certificate_passes=80 max_swept_ground_advance=0.003405365 max_swept_ball_advance=0.004585684 max_swept_self_advance=0.006508736 final_primitive_self_penetration=0.000000629 max_strain_limit_correction=0.002001391 final_strain_limit_violation=0.000000000 max_speed=21.983151847 max_speed_frame=526 max_speed_body=1423 max_speed_is_fruit=false max_angular_speed=42.437659322 max_yarn_aerodynamic_force=0.422615711 max_fruit_aerodynamic_force=0.128420640 max_fruit_aerodynamic_torque=0.000137584 aerodynamic_dissipation=9.903705611 max_grip_force=147.758581905 max_grip_impulse=0.025652532 regrab_count=0 max_regrab_capture_distance=0.000000000 max_regrab_capture_error=0.000000000 inactive_grip_substeps=12673 patch_selection_count=0 maximum_patch_ring_shift=0 selected_patch_center_ring=0 patch_particles_unique=true patch_topology_exact=true max_friction_cone_ratio=1.000000000 max_rolling_resistance_ratio=0.000000000 tangential_impulse=36.394295780 cloth_friction_contacts=1361095 pair_friction_contacts=535338 ground_friction_contacts=0 rolling_resistance_contacts=0 swept_ball_yarn_contacts=473439 edge_edge_self_contacts=168831 swept_edge_edge_self_contacts=49467 edge_edge_candidate_pairs=2736279402 edge_edge_sphere_candidate_pairs=1249008417 cloth_self_friction_contacts=129636 cloth_ground_friction_contacts=281831 deterministic=true state_hash=0x778cfb940268ec0d frame_state_hash=0xf30534b56395dd39 replay_frame_states=721
ball_cloth_solve_seconds=544.204896234 primitive_self_solve_seconds=244.405239234 point_self_solve_seconds=371.096622852 strain_limit_solve_seconds=1.223451278 primitive_certificate_seconds=8.165798800
result=PASS
