initial_geometry backend=host_authored_float_tables fruit_yarn_overlap_m=0 fruit_pair_overlap_m=0 nonlocal_yarn_overlap_m=0 local_node_overlap_m=0 local_node_pairs=5754 local_node_batches=12 ground_overlap_m=0 passed=1
finite_bench_response case=1 feature=face phase=impact radius_m=0.004 steps=1 position_error_m=7.91624e-09 velocity_error_m_s=0 impulse_error_Ns=0 independent_static_gap_m=7.91624e-09 replay_exact=1 failure=0,0 passed=1
finite_bench_response case=2 feature=face phase=impact radius_m=0.05 steps=1 position_error_m=1.11759e-08 velocity_error_m_s=0 impulse_error_Ns=0 independent_static_gap_m=1.11759e-08 replay_exact=1 failure=0,0 passed=1
finite_bench_response case=3 feature=face phase=impact radius_m=0.004 steps=1 position_error_m=7.91624e-09 velocity_error_m_s=0 impulse_error_Ns=0 independent_static_gap_m=7.91624e-09 replay_exact=1 failure=0,0 passed=1
finite_bench_response case=4 feature=face phase=impact radius_m=0.05 steps=1 position_error_m=1.11759e-08 velocity_error_m_s=0 impulse_error_Ns=0 independent_static_gap_m=1.11759e-08 replay_exact=1 failure=0,0 passed=1
finite_bench_response case=5 feature=face phase=impact radius_m=0.004 steps=1 position_error_m=7.91624e-09 velocity_error_m_s=0 impulse_error_Ns=0 independent_static_gap_m=7.91624e-09 replay_exact=1 failure=0,0 passed=1
finite_bench_response case=6 feature=face phase=impact radius_m=0.05 steps=1 position_error_m=1.11759e-08 velocity_error_m_s=0 impulse_error_Ns=0 independent_static_gap_m=1.11759e-08 replay_exact=1 failure=0,0 passed=1
finite_bench_response case=7 feature=face phase=impact radius_m=0.004 steps=1 position_error_m=7.91624e-09 velocity_error_m_s=0 impulse_error_Ns=0 independent_static_gap_m=7.91624e-09 replay_exact=1 failure=0,0 passed=1
finite_bench_response case=8 feature=face phase=impact radius_m=0.05 steps=1 position_error_m=1.11759e-08 velocity_error_m_s=0 impulse_error_Ns=0 independent_static_gap_m=1.11759e-08 replay_exact=1 failure=0,0 passed=1
finite_bench_response case=9 feature=face phase=impact radius_m=0.004 steps=1 position_error_m=4.65661e-10 velocity_error_m_s=0 impulse_error_Ns=0 independent_static_gap_m=-1.32248e-09 replay_exact=1 failure=0,0 passed=1
finite_bench_response case=10 feature=face phase=impact radius_m=0.05 steps=1 position_error_m=3.72529e-09 velocity_error_m_s=0 impulse_error_Ns=0 independent_static_gap_m=-5.51343e-09 replay_exact=1 failure=0,0 passed=1
finite_bench_response case=11 feature=face phase=impact radius_m=0.004 steps=1 position_error_m=4.65661e-10 velocity_error_m_s=0 impulse_error_Ns=0 independent_static_gap_m=4.65661e-10 replay_exact=1 failure=0,0 passed=1
finite_bench_response case=12 feature=face phase=impact radius_m=0.05 steps=1 position_error_m=0 velocity_error_m_s=0 impulse_error_Ns=0 independent_static_gap_m=0 replay_exact=1 failure=0,0 passed=1
finite_bench_response case=13 feature=edge phase=impact radius_m=0.004 steps=1 position_error_m=4.42431e-09 velocity_error_m_s=2.11795e-06 impulse_error_Ns=1.10886e-08 independent_static_gap_m=3.21477e-09 replay_exact=1 failure=0,0 passed=1
finite_bench_response case=14 feature=edge phase=impact radius_m=0.05 steps=1 position_error_m=1.11701e-08 velocity_error_m_s=6.5836e-06 impulse_error_Ns=1.02268e-08 independent_static_gap_m=-4.97243e-09 replay_exact=1 failure=0,0 passed=1
finite_bench_response case=15 feature=edge phase=impact radius_m=0.004 steps=1 position_error_m=5.50151e-09 velocity_error_m_s=2.11797e-06 impulse_error_Ns=3.80361e-06 independent_static_gap_m=5.46738e-09 replay_exact=1 failure=0,0 passed=1
finite_bench_response case=16 feature=edge phase=impact radius_m=0.05 steps=1 position_error_m=1.32146e-08 velocity_error_m_s=6.5836e-06 impulse_error_Ns=1.02268e-08 independent_static_gap_m=-1.07384e-09 replay_exact=1 failure=0,0 passed=1
finite_bench_response case=17 feature=edge phase=impact radius_m=0.004 steps=1 position_error_m=4.42431e-09 velocity_error_m_s=2.11795e-06 impulse_error_Ns=1.10886e-08 independent_static_gap_m=3.21477e-09 replay_exact=1 failure=0,0 passed=1
finite_bench_response case=18 feature=edge phase=impact radius_m=0.05 steps=1 position_error_m=1.11701e-08 velocity_error_m_s=6.5836e-06 impulse_error_Ns=1.02268e-08 independent_static_gap_m=-4.97243e-09 replay_exact=1 failure=0,0 passed=1
finite_bench_response case=19 feature=edge phase=impact radius_m=0.004 steps=1 position_error_m=5.50151e-09 velocity_error_m_s=2.11797e-06 impulse_error_Ns=3.80361e-06 independent_static_gap_m=5.46738e-09 replay_exact=1 failure=0,0 passed=1
finite_bench_response case=20 feature=edge phase=impact radius_m=0.05 steps=1 position_error_m=1.32146e-08 velocity_error_m_s=6.5836e-06 impulse_error_Ns=1.02268e-08 independent_static_gap_m=-1.07384e-09 replay_exact=1 failure=0,0 passed=1
finite_bench_response case=21 feature=edge phase=impact radius_m=0.004 steps=1 position_error_m=4.42431e-09 velocity_error_m_s=2.11795e-06 impulse_error_Ns=1.10886e-08 independent_static_gap_m=3.21477e-09 replay_exact=1 failure=0,0 passed=1
finite_bench_response case=22 feature=edge phase=impact radius_m=0.05 steps=1 position_error_m=1.11701e-08 velocity_error_m_s=6.5836e-06 impulse_error_Ns=1.02268e-08 independent_static_gap_m=-4.97243e-09 replay_exact=1 failure=0,0 passed=1
finite_bench_response case=23 feature=edge phase=impact radius_m=0.004 steps=1 position_error_m=4.42431e-09 velocity_error_m_s=2.11795e-06 impulse_error_Ns=1.10886e-08 independent_static_gap_m=3.21477e-09 replay_exact=1 failure=0,0 passed=1
finite_bench_response case=24 feature=edge phase=impact radius_m=0.05 steps=1 position_error_m=1.11701e-08 velocity_error_m_s=6.5836e-06 impulse_error_Ns=1.02268e-08 independent_static_gap_m=-4.97243e-09 replay_exact=1 failure=0,0 passed=1
finite_bench_response case=25 feature=edge phase=impact radius_m=0.004 steps=1 position_error_m=5.50151e-09 velocity_error_m_s=2.11797e-06 impulse_error_Ns=3.80361e-06 independent_static_gap_m=5.46738e-09 replay_exact=1 failure=0,0 passed=1
finite_bench_response case=26 feature=edge phase=impact radius_m=0.05 steps=1 position_error_m=1.32146e-08 velocity_error_m_s=6.5836e-06 impulse_error_Ns=1.02268e-08 independent_static_gap_m=-1.07384e-09 replay_exact=1 failure=0,0 passed=1
finite_bench_response case=27 feature=edge phase=impact radius_m=0.004 steps=1 position_error_m=5.50151e-09 velocity_error_m_s=2.11797e-06 impulse_error_Ns=3.80361e-06 independent_static_gap_m=5.46738e-09 replay_exact=1 failure=0,0 passed=1
finite_bench_response case=28 feature=edge phase=impact radius_m=0.05 steps=1 position_error_m=1.32146e-08 velocity_error_m_s=6.5836e-06 impulse_error_Ns=1.02268e-08 independent_static_gap_m=-1.07384e-09 replay_exact=1 failure=0,0 passed=1
finite_bench_response case=29 feature=edge phase=impact radius_m=0.004 steps=1 position_error_m=1.13852e-08 velocity_error_m_s=1.1887e-05 impulse_error_Ns=3.82492e-06 independent_static_gap_m=-1.13852e-08 replay_exact=1 failure=0,0 passed=1
finite_bench_response case=30 feature=edge phase=impact radius_m=0.05 steps=1 position_error_m=1.42448e-08 velocity_error_m_s=2.87718e-14 impulse_error_Ns=1.02213e-08 independent_static_gap_m=-1.42448e-08 replay_exact=1 failure=0,0 passed=1
finite_bench_response case=31 feature=edge phase=impact radius_m=0.004 steps=1 position_error_m=1.13852e-08 velocity_error_m_s=1.1887e-05 impulse_error_Ns=3.82492e-06 independent_static_gap_m=-1.13852e-08 replay_exact=1 failure=0,0 passed=1
finite_bench_response case=32 feature=edge phase=impact radius_m=0.05 steps=1 position_error_m=1.42448e-08 velocity_error_m_s=2.87718e-14 impulse_error_Ns=1.02213e-08 independent_static_gap_m=-1.42448e-08 replay_exact=1 failure=0,0 passed=1
finite_bench_response case=33 feature=edge phase=impact radius_m=0.004 steps=1 position_error_m=1.13852e-08 velocity_error_m_s=1.1887e-05 impulse_error_Ns=3.82492e-06 independent_static_gap_m=-1.13852e-08 replay_exact=1 failure=0,0 passed=1
finite_bench_response case=34 feature=edge phase=impact radius_m=0.05 steps=1 position_error_m=1.42448e-08 velocity_error_m_s=2.87718e-14 impulse_error_Ns=1.02213e-08 independent_static_gap_m=-1.42448e-08 replay_exact=1 failure=0,0 passed=1
finite_bench_response case=35 feature=edge phase=impact radius_m=0.004 steps=1 position_error_m=1.13852e-08 velocity_error_m_s=1.1887e-05 impulse_error_Ns=3.82492e-06 independent_static_gap_m=-1.13852e-08 replay_exact=1 failure=0,0 passed=1
finite_bench_response case=36 feature=edge phase=impact radius_m=0.05 steps=1 position_error_m=1.42448e-08 velocity_error_m_s=2.87718e-14 impulse_error_Ns=1.02213e-08 independent_static_gap_m=-1.42448e-08 replay_exact=1 failure=0,0 passed=1
finite_bench_response case=37 feature=corner phase=impact radius_m=0.004 steps=1 position_error_m=2.38114e-08 velocity_error_m_s=1.2172e-06 impulse_error_Ns=2.73054e-07 independent_static_gap_m=1.72946e-08 replay_exact=1 failure=0,0 passed=1
finite_bench_response case=38 feature=corner phase=impact radius_m=0.05 steps=1 position_error_m=1.84428e-08 velocity_error_m_s=2.43333e-06 impulse_error_Ns=2.73152e-07 independent_static_gap_m=1.62679e-09 replay_exact=1 failure=0,0 passed=1
finite_bench_response case=39 feature=corner phase=impact radius_m=0.004 steps=1 position_error_m=2.39887e-08 velocity_error_m_s=6.85979e-07 impulse_error_Ns=2.72973e-07 independent_static_gap_m=-1.2907e-09 replay_exact=1 failure=0,0 passed=1
finite_bench_response case=40 feature=corner phase=impact radius_m=0.05 steps=1 position_error_m=1.84428e-08 velocity_error_m_s=2.43333e-06 impulse_error_Ns=2.73152e-07 independent_static_gap_m=2.65917e-09 replay_exact=1 failure=0,0 passed=1
finite_bench_response case=41 feature=corner phase=impact radius_m=0.004 steps=1 position_error_m=2.38114e-08 velocity_error_m_s=1.2172e-06 impulse_error_Ns=2.73054e-07 independent_static_gap_m=1.72946e-08 replay_exact=1 failure=0,0 passed=1
finite_bench_response case=42 feature=corner phase=impact radius_m=0.05 steps=1 position_error_m=1.84428e-08 velocity_error_m_s=2.43333e-06 impulse_error_Ns=2.73152e-07 independent_static_gap_m=1.62679e-09 replay_exact=1 failure=0,0 passed=1
finite_bench_response case=43 feature=corner phase=impact radius_m=0.004 steps=1 position_error_m=2.39887e-08 velocity_error_m_s=6.85979e-07 impulse_error_Ns=2.72973e-07 independent_static_gap_m=-1.2907e-09 replay_exact=1 failure=0,0 passed=1
finite_bench_response case=44 feature=corner phase=impact radius_m=0.05 steps=1 position_error_m=1.84428e-08 velocity_error_m_s=2.43333e-06 impulse_error_Ns=2.73152e-07 independent_static_gap_m=2.65917e-09 replay_exact=1 failure=0,0 passed=1
finite_bench_response case=45 feature=corner phase=impact radius_m=0.004 steps=1 position_error_m=2.38114e-08 velocity_error_m_s=1.2172e-06 impulse_error_Ns=2.73054e-07 independent_static_gap_m=1.72946e-08 replay_exact=1 failure=0,0 passed=1
finite_bench_response case=46 feature=corner phase=impact radius_m=0.05 steps=1 position_error_m=1.84428e-08 velocity_error_m_s=2.43333e-06 impulse_error_Ns=2.73152e-07 independent_static_gap_m=1.62679e-09 replay_exact=1 failure=0,0 passed=1
finite_bench_response case=47 feature=corner phase=impact radius_m=0.004 steps=1 position_error_m=2.39887e-08 velocity_error_m_s=6.85979e-07 impulse_error_Ns=2.72973e-07 independent_static_gap_m=-1.2907e-09 replay_exact=1 failure=0,0 passed=1
finite_bench_response case=48 feature=corner phase=impact radius_m=0.05 steps=1 position_error_m=1.84428e-08 velocity_error_m_s=2.43333e-06 impulse_error_Ns=2.73152e-07 independent_static_gap_m=2.65917e-09 replay_exact=1 failure=0,0 passed=1
finite_bench_response case=49 feature=corner phase=impact radius_m=0.004 steps=1 position_error_m=2.38114e-08 velocity_error_m_s=1.2172e-06 impulse_error_Ns=2.73054e-07 independent_static_gap_m=1.72946e-08 replay_exact=1 failure=0,0 passed=1
finite_bench_response case=50 feature=corner phase=impact radius_m=0.05 steps=1 position_error_m=1.84428e-08 velocity_error_m_s=2.43333e-06 impulse_error_Ns=2.73152e-07 independent_static_gap_m=1.62679e-09 replay_exact=1 failure=0,0 passed=1
finite_bench_response case=51 feature=corner phase=impact radius_m=0.004 steps=1 position_error_m=2.39887e-08 velocity_error_m_s=6.85979e-07 impulse_error_Ns=2.72973e-07 independent_static_gap_m=-1.2907e-09 replay_exact=1 failure=0,0 passed=1
finite_bench_response case=52 feature=corner phase=impact radius_m=0.05 steps=1 position_error_m=1.84428e-08 velocity_error_m_s=2.43333e-06 impulse_error_Ns=2.73152e-07 independent_static_gap_m=2.65917e-09 replay_exact=1 failure=0,0 passed=1
finite_bench_response case=53 feature=floor phase=impact radius_m=0.004 steps=1 position_error_m=7.91624e-09 velocity_error_m_s=0 impulse_error_Ns=0 independent_static_gap_m=7.91624e-09 replay_exact=1 failure=0,0 passed=1
finite_bench_response case=54 feature=floor phase=impact radius_m=0.05 steps=1 position_error_m=1.11759e-08 velocity_error_m_s=0 impulse_error_Ns=0 independent_static_gap_m=1.11759e-08 replay_exact=1 failure=0,0 passed=1
finite_bench_response case=55 feature=face phase=sustained_support radius_m=0.05 steps=64 position_error_m=1.12116e-08 velocity_error_m_s=0 impulse_error_Ns=9.31323e-11 independent_static_gap_m=1.11759e-08 replay_exact=1 failure=0,0 passed=1
finite_bench_response case=56 feature=face phase=sustained_support radius_m=0.05 steps=64 position_error_m=1.12116e-08 velocity_error_m_s=0 impulse_error_Ns=9.31323e-11 independent_static_gap_m=1.11759e-08 replay_exact=1 failure=0,0 passed=1
finite_bench_response case=57 feature=face phase=sustained_support radius_m=0.05 steps=64 position_error_m=1.12116e-08 velocity_error_m_s=0 impulse_error_Ns=9.31323e-11 independent_static_gap_m=1.11759e-08 replay_exact=1 failure=0,0 passed=1
finite_bench_response case=58 feature=face phase=sustained_support radius_m=0.05 steps=64 position_error_m=1.12116e-08 velocity_error_m_s=0 impulse_error_Ns=9.31323e-11 independent_static_gap_m=1.11759e-08 replay_exact=1 failure=0,0 passed=1
finite_bench_response case=59 feature=face phase=sustained_support radius_m=0.05 steps=64 position_error_m=5.51343e-09 velocity_error_m_s=0 impulse_error_Ns=9.31323e-11 independent_static_gap_m=-5.51343e-09 replay_exact=1 failure=0,0 passed=1
finite_bench_response case=60 feature=face phase=sustained_support radius_m=0.05 steps=64 position_error_m=0 velocity_error_m_s=0 impulse_error_Ns=9.31323e-11 independent_static_gap_m=0 replay_exact=1 failure=0,0 passed=1
finite_bench_response case=61 feature=edge phase=sustained_support radius_m=0.05 steps=64 position_error_m=1.05215e-08 velocity_error_m_s=1.26533e-07 impulse_error_Ns=9.31323e-11 independent_static_gap_m=-4.97252e-09 replay_exact=1 failure=0,0 passed=1
finite_bench_response case=62 feature=edge phase=sustained_support radius_m=0.05 steps=64 position_error_m=1.32146e-08 velocity_error_m_s=1.54277e-07 impulse_error_Ns=9.31323e-11 independent_static_gap_m=-1.07393e-09 replay_exact=1 failure=0,0 passed=1
finite_bench_response case=63 feature=edge phase=sustained_support radius_m=0.05 steps=64 position_error_m=1.05215e-08 velocity_error_m_s=1.26533e-07 impulse_error_Ns=9.31323e-11 independent_static_gap_m=-4.97252e-09 replay_exact=1 failure=0,0 passed=1
finite_bench_response case=64 feature=edge phase=sustained_support radius_m=0.05 steps=64 position_error_m=1.32146e-08 velocity_error_m_s=1.54277e-07 impulse_error_Ns=9.31323e-11 independent_static_gap_m=-1.07393e-09 replay_exact=1 failure=0,0 passed=1
finite_bench_response case=65 feature=edge phase=sustained_support radius_m=0.05 steps=64 position_error_m=1.05215e-08 velocity_error_m_s=1.26533e-07 impulse_error_Ns=9.31323e-11 independent_static_gap_m=-4.97252e-09 replay_exact=1 failure=0,0 passed=1
finite_bench_response case=66 feature=edge phase=sustained_support radius_m=0.05 steps=64 position_error_m=1.05215e-08 velocity_error_m_s=1.26533e-07 impulse_error_Ns=9.31323e-11 independent_static_gap_m=-4.97252e-09 replay_exact=1 failure=0,0 passed=1
finite_bench_response case=67 feature=edge phase=sustained_support radius_m=0.05 steps=64 position_error_m=1.32146e-08 velocity_error_m_s=1.54277e-07 impulse_error_Ns=9.31323e-11 independent_static_gap_m=-1.07393e-09 replay_exact=1 failure=0,0 passed=1
finite_bench_response case=68 feature=edge phase=sustained_support radius_m=0.05 steps=64 position_error_m=1.32146e-08 velocity_error_m_s=1.54277e-07 impulse_error_Ns=9.31323e-11 independent_static_gap_m=-1.07393e-09 replay_exact=1 failure=0,0 passed=1
finite_bench_response case=69 feature=edge phase=sustained_support radius_m=0.05 steps=64 position_error_m=1.42729e-08 velocity_error_m_s=4.02292e-10 impulse_error_Ns=1.39698e-10 independent_static_gap_m=-1.42448e-08 replay_exact=1 failure=0,0 passed=1
finite_bench_response case=70 feature=edge phase=sustained_support radius_m=0.05 steps=64 position_error_m=1.42729e-08 velocity_error_m_s=4.02292e-10 impulse_error_Ns=1.39698e-10 independent_static_gap_m=-1.42448e-08 replay_exact=1 failure=0,0 passed=1
finite_bench_response case=71 feature=edge phase=sustained_support radius_m=0.05 steps=64 position_error_m=1.42729e-08 velocity_error_m_s=4.02292e-10 impulse_error_Ns=1.39698e-10 independent_static_gap_m=-1.42448e-08 replay_exact=1 failure=0,0 passed=1
finite_bench_response case=72 feature=edge phase=sustained_support radius_m=0.05 steps=64 position_error_m=1.42729e-08 velocity_error_m_s=4.02292e-10 impulse_error_Ns=1.39698e-10 independent_static_gap_m=-1.42448e-08 replay_exact=1 failure=0,0 passed=1
finite_bench_response case=73 feature=corner phase=sustained_support radius_m=0.05 steps=64 position_error_m=4.08974e-08 velocity_error_m_s=2.92594e-07 impulse_error_Ns=9.31323e-11 independent_static_gap_m=3.17379e-08 replay_exact=1 failure=0,0 passed=1
finite_bench_response case=74 feature=corner phase=sustained_support radius_m=0.05 steps=64 position_error_m=7.45709e-08 velocity_error_m_s=7.60013e-07 impulse_error_Ns=1.39698e-10 independent_static_gap_m=-2.71781e-09 replay_exact=1 failure=0,0 passed=1
finite_bench_response case=75 feature=corner phase=sustained_support radius_m=0.05 steps=64 position_error_m=4.08974e-08 velocity_error_m_s=2.92594e-07 impulse_error_Ns=9.31323e-11 independent_static_gap_m=3.17379e-08 replay_exact=1 failure=0,0 passed=1
finite_bench_response case=76 feature=corner phase=sustained_support radius_m=0.05 steps=64 position_error_m=7.45709e-08 velocity_error_m_s=7.60013e-07 impulse_error_Ns=1.39698e-10 independent_static_gap_m=-2.71781e-09 replay_exact=1 failure=0,0 passed=1
finite_bench_response case=77 feature=corner phase=sustained_support radius_m=0.05 steps=64 position_error_m=4.08974e-08 velocity_error_m_s=2.92594e-07 impulse_error_Ns=9.31323e-11 independent_static_gap_m=3.17379e-08 replay_exact=1 failure=0,0 passed=1
finite_bench_response case=78 feature=corner phase=sustained_support radius_m=0.05 steps=64 position_error_m=7.45709e-08 velocity_error_m_s=7.60013e-07 impulse_error_Ns=1.39698e-10 independent_static_gap_m=-2.71781e-09 replay_exact=1 failure=0,0 passed=1
finite_bench_response case=79 feature=corner phase=sustained_support radius_m=0.05 steps=64 position_error_m=4.08974e-08 velocity_error_m_s=2.92594e-07 impulse_error_Ns=9.31323e-11 independent_static_gap_m=3.17379e-08 replay_exact=1 failure=0,0 passed=1
finite_bench_response case=80 feature=corner phase=sustained_support radius_m=0.05 steps=64 position_error_m=7.45709e-08 velocity_error_m_s=7.60013e-07 impulse_error_Ns=1.39698e-10 independent_static_gap_m=-2.71781e-09 replay_exact=1 failure=0,0 passed=1
finite_bench_response case=81 feature=floor phase=sustained_support radius_m=0.05 steps=64 position_error_m=1.11759e-08 velocity_error_m_s=0 impulse_error_Ns=9.31323e-11 independent_static_gap_m=1.11759e-08 replay_exact=1 failure=0,0 passed=1
finite_bench_response case=82 feature=face phase=sliding_friction radius_m=0.05 steps=1 position_error_m=1.12116e-08 velocity_error_m_s=2.6077e-08 impulse_error_Ns=3.72529e-10 independent_static_gap_m=1.11759e-08 replay_exact=1 failure=0,0 passed=1
finite_bench_response case=83 feature=face phase=rolling_resistance radius_m=0.05 steps=1 position_error_m=1.12116e-08 velocity_error_m_s=1.66346e-08 impulse_error_Ns=3.72529e-10 independent_static_gap_m=1.11759e-08 replay_exact=1 failure=0,0 passed=1
finite_bench_response case=84 feature=face phase=sliding_friction radius_m=0.05 steps=1 position_error_m=1.12116e-08 velocity_error_m_s=2.6077e-08 impulse_error_Ns=3.72529e-10 independent_static_gap_m=1.11759e-08 replay_exact=1 failure=0,0 passed=1
finite_bench_response case=85 feature=face phase=rolling_resistance radius_m=0.05 steps=1 position_error_m=1.12116e-08 velocity_error_m_s=1.66346e-08 impulse_error_Ns=3.72529e-10 independent_static_gap_m=1.11759e-08 replay_exact=1 failure=0,0 passed=1
finite_bench_response case=86 feature=face phase=sliding_friction radius_m=0.05 steps=1 position_error_m=1.12116e-08 velocity_error_m_s=2.6077e-08 impulse_error_Ns=3.72529e-10 independent_static_gap_m=1.11759e-08 replay_exact=1 failure=0,0 passed=1
finite_bench_response case=87 feature=face phase=rolling_resistance radius_m=0.05 steps=1 position_error_m=1.12116e-08 velocity_error_m_s=1.66346e-08 impulse_error_Ns=3.72529e-10 independent_static_gap_m=1.11759e-08 replay_exact=1 failure=0,0 passed=1
finite_bench_response case=88 feature=face phase=sliding_friction radius_m=0.05 steps=1 position_error_m=1.12116e-08 velocity_error_m_s=2.6077e-08 impulse_error_Ns=3.72529e-10 independent_static_gap_m=1.11759e-08 replay_exact=1 failure=0,0 passed=1
finite_bench_response case=89 feature=face phase=rolling_resistance radius_m=0.05 steps=1 position_error_m=1.12116e-08 velocity_error_m_s=1.66346e-08 impulse_error_Ns=3.72529e-10 independent_static_gap_m=1.11759e-08 replay_exact=1 failure=0,0 passed=1
finite_bench_response case=90 feature=face phase=sliding_friction radius_m=0.05 steps=1 position_error_m=5.51343e-09 velocity_error_m_s=2.6077e-08 impulse_error_Ns=3.72529e-10 independent_static_gap_m=-5.51343e-09 replay_exact=1 failure=0,0 passed=1
finite_bench_response case=91 feature=face phase=rolling_resistance radius_m=0.05 steps=1 position_error_m=5.51343e-09 velocity_error_m_s=1.66346e-08 impulse_error_Ns=3.72529e-10 independent_static_gap_m=-5.51343e-09 replay_exact=1 failure=0,0 passed=1
finite_bench_response case=92 feature=face phase=sliding_friction radius_m=0.05 steps=1 position_error_m=0 velocity_error_m_s=2.6077e-08 impulse_error_Ns=3.72529e-10 independent_static_gap_m=0 replay_exact=1 failure=0,0 passed=1
finite_bench_response case=93 feature=face phase=rolling_resistance radius_m=0.05 steps=1 position_error_m=0 velocity_error_m_s=1.66346e-08 impulse_error_Ns=3.72529e-10 independent_static_gap_m=0 replay_exact=1 failure=0,0 passed=1
finite_bench_response case=94 feature=floor phase=sliding_friction radius_m=0.05 steps=1 position_error_m=1.45477e-08 velocity_error_m_s=2.6077e-08 impulse_error_Ns=3.72529e-10 independent_static_gap_m=1.11759e-08 replay_exact=1 failure=0,0 passed=1
finite_bench_response case=95 feature=floor phase=rolling_resistance radius_m=0.05 steps=1 position_error_m=1.11759e-08 velocity_error_m_s=1.66346e-08 impulse_error_Ns=3.72529e-10 independent_static_gap_m=1.11759e-08 replay_exact=1 failure=0,0 passed=1
finite_bench_supported_pair case=96 feature=face pair_gap_m=2.23517e-08 held_error_m=1.12116e-08 moving_velocity_error_m_s=5.00679e-06 reaction_error_Ns=5.54323e-07 replay_exact=1 passed=1
finite_bench_supported_pair case=97 feature=face pair_gap_m=2.23517e-08 held_error_m=1.12116e-08 moving_velocity_error_m_s=5.00679e-06 reaction_error_Ns=5.54323e-07 replay_exact=1 passed=1
finite_bench_supported_pair case=98 feature=face pair_gap_m=2.23517e-08 held_error_m=1.12116e-08 moving_velocity_error_m_s=5.00679e-06 reaction_error_Ns=5.54323e-07 replay_exact=1 passed=1
finite_bench_supported_pair case=99 feature=face pair_gap_m=2.23517e-08 held_error_m=1.12116e-08 moving_velocity_error_m_s=5.00679e-06 reaction_error_Ns=5.54323e-07 replay_exact=1 passed=1
finite_bench_supported_pair case=100 feature=face pair_gap_m=7.45058e-09 held_error_m=5.51343e-09 moving_velocity_error_m_s=5.96046e-07 reaction_error_Ns=2.68221e-08 replay_exact=1 passed=1
finite_bench_supported_pair case=101 feature=face pair_gap_m=3.72529e-09 held_error_m=0 moving_velocity_error_m_s=5.96046e-07 reaction_error_Ns=2.68221e-08 replay_exact=1 passed=1
finite_bench_supported_pair case=102 feature=floor pair_gap_m=2.23517e-08 held_error_m=1.11759e-08 moving_velocity_error_m_s=5.00679e-06 reaction_error_Ns=5.54323e-07 replay_exact=1 passed=1
finite_bench_departure case=103 gap_m=0.0245095 upward_velocity_m_s=2.45095 stale_support_impulse_Ns=0 replay_exact=1 passed=1
finite_bench_airborne_friction case=104 first_static_impulse_Ns=2.38598e-10 second_static_impulse_Ns=2.38598e-10 replay_exact=1 passed=0
device=Apple M4 finite_bench_response_cases=104 maximum_position_error_m=7.45709e-08 maximum_velocity_error_m_s=1.1887e-05 maximum_impulse_error_Ns=3.82492e-06 minimum_independent_gap_m=-1.42448e-08 finite_bench_probe_passed=0
